Archive member included to satisfy reference by file (symbol)

C:/ST/STM32CubeIDE_1.16.0/STM32CubeIDE/plugins/com.st.stm32cube.ide.mcu.externaltools.gnu-tools-for-stm32.13.3.rel1.win32_1.0.0.202411081344/tools/bin/../lib/gcc/arm-none-eabi/13.3.1/../../../../arm-none-eabi/lib/thumb/v7e-m+fp/hard\libc_nano.a(libc_a-exit.o)
                              C:/ST/STM32CubeIDE_1.16.0/STM32CubeIDE/plugins/com.st.stm32cube.ide.mcu.externaltools.gnu-tools-for-stm32.13.3.rel1.win32_1.0.0.202411081344/tools/bin/../lib/gcc/arm-none-eabi/13.3.1/../../../../arm-none-eabi/lib/thumb/v7e-m+fp/hard/crt0.o (exit)
C:/ST/STM32CubeIDE_1.16.0/STM32CubeIDE/plugins/com.st.stm32cube.ide.mcu.externaltools.gnu-tools-for-stm32.13.3.rel1.win32_1.0.0.202411081344/tools/bin/../lib/gcc/arm-none-eabi/13.3.1/../../../../arm-none-eabi/lib/thumb/v7e-m+fp/hard\libc_nano.a(libc_a-findfp.o)
                              C:/ST/STM32CubeIDE_1.16.0/STM32CubeIDE/plugins/com.st.stm32cube.ide.mcu.externaltools.gnu-tools-for-stm32.13.3.rel1.win32_1.0.0.202411081344/tools/bin/../lib/gcc/arm-none-eabi/13.3.1/../../../../arm-none-eabi/lib/thumb/v7e-m+fp/hard\libc_nano.a(libc_a-exit.o) (__stdio_exit_handler)
C:/ST/STM32CubeIDE_1.16.0/STM32CubeIDE/plugins/com.st.stm32cube.ide.mcu.externaltools.gnu-tools-for-stm32.13.3.rel1.win32_1.0.0.202411081344/tools/bin/../lib/gcc/arm-none-eabi/13.3.1/../../../../arm-none-eabi/lib/thumb/v7e-m+fp/hard\libc_nano.a(libc_a-fwalk.o)
                              C:/ST/STM32CubeIDE_1.16.0/STM32CubeIDE/plugins/com.st.stm32cube.ide.mcu.externaltools.gnu-tools-for-stm32.13.3.rel1.win32_1.0.0.202411081344/tools/bin/../lib/gcc/arm-none-eabi/13.3.1/../../../../arm-none-eabi/lib/thumb/v7e-m+fp/hard\libc_nano.a(libc_a-findfp.o) (_fwalk_sglue)
C:/ST/STM32CubeIDE_1.16.0/STM32CubeIDE/plugins/com.st.stm32cube.ide.mcu.externaltools.gnu-tools-for-stm32.13.3.rel1.win32_1.0.0.202411081344/tools/bin/../lib/gcc/arm-none-eabi/13.3.1/../../../../arm-none-eabi/lib/thumb/v7e-m+fp/hard\libc_nano.a(libc_a-printf.o)
                              ./Core/Src/ApplicationCode.o (printf)
C:/ST/STM32CubeIDE_1.16.0/STM32CubeIDE/plugins/com.st.stm32cube.ide.mcu.externaltools.gnu-tools-for-stm32.13.3.rel1.win32_1.0.0.202411081344/tools/bin/../lib/gcc/arm-none-eabi/13.3.1/../../../../arm-none-eabi/lib/thumb/v7e-m+fp/hard\libc_nano.a(libc_a-puts.o)
                              ./Core/Src/ApplicationCode.o (puts)
C:/ST/STM32CubeIDE_1.16.0/STM32CubeIDE/plugins/com.st.stm32cube.ide.mcu.externaltools.gnu-tools-for-stm32.13.3.rel1.win32_1.0.0.202411081344/tools/bin/../lib/gcc/arm-none-eabi/13.3.1/../../../../arm-none-eabi/lib/thumb/v7e-m+fp/hard\libc_nano.a(libc_a-sprintf.o)
                              ./Core/Src/ApplicationCode.o (sprintf)
C:/ST/STM32CubeIDE_1.16.0/STM32CubeIDE/plugins/com.st.stm32cube.ide.mcu.externaltools.gnu-tools-for-stm32.13.3.rel1.win32_1.0.0.202411081344/tools/bin/../lib/gcc/arm-none-eabi/13.3.1/../../../../arm-none-eabi/lib/thumb/v7e-m+fp/hard\libc_nano.a(libc_a-stdio.o)
                              C:/ST/STM32CubeIDE_1.16.0/STM32CubeIDE/plugins/com.st.stm32cube.ide.mcu.externaltools.gnu-tools-for-stm32.13.3.rel1.win32_1.0.0.202411081344/tools/bin/../lib/gcc/arm-none-eabi/13.3.1/../../../../arm-none-eabi/lib/thumb/v7e-m+fp/hard\libc_nano.a(libc_a-findfp.o) (__sread)
C:/ST/STM32CubeIDE_1.16.0/STM32CubeIDE/plugins/com.st.stm32cube.ide.mcu.externaltools.gnu-tools-for-stm32.13.3.rel1.win32_1.0.0.202411081344/tools/bin/../lib/gcc/arm-none-eabi/13.3.1/../../../../arm-none-eabi/lib/thumb/v7e-m+fp/hard\libc_nano.a(libc_a-wbuf.o)
                              C:/ST/STM32CubeIDE_1.16.0/STM32CubeIDE/plugins/com.st.stm32cube.ide.mcu.externaltools.gnu-tools-for-stm32.13.3.rel1.win32_1.0.0.202411081344/tools/bin/../lib/gcc/arm-none-eabi/13.3.1/../../../../arm-none-eabi/lib/thumb/v7e-m+fp/hard\libc_nano.a(libc_a-puts.o) (__swbuf_r)
C:/ST/STM32CubeIDE_1.16.0/STM32CubeIDE/plugins/com.st.stm32cube.ide.mcu.externaltools.gnu-tools-for-stm32.13.3.rel1.win32_1.0.0.202411081344/tools/bin/../lib/gcc/arm-none-eabi/13.3.1/../../../../arm-none-eabi/lib/thumb/v7e-m+fp/hard\libc_nano.a(libc_a-wsetup.o)
                              C:/ST/STM32CubeIDE_1.16.0/STM32CubeIDE/plugins/com.st.stm32cube.ide.mcu.externaltools.gnu-tools-for-stm32.13.3.rel1.win32_1.0.0.202411081344/tools/bin/../lib/gcc/arm-none-eabi/13.3.1/../../../../arm-none-eabi/lib/thumb/v7e-m+fp/hard\libc_nano.a(libc_a-puts.o) (__swsetup_r)
C:/ST/STM32CubeIDE_1.16.0/STM32CubeIDE/plugins/com.st.stm32cube.ide.mcu.externaltools.gnu-tools-for-stm32.13.3.rel1.win32_1.0.0.202411081344/tools/bin/../lib/gcc/arm-none-eabi/13.3.1/../../../../arm-none-eabi/lib/thumb/v7e-m+fp/hard\libc_nano.a(libc_a-memset.o)
                              C:/ST/STM32CubeIDE_1.16.0/STM32CubeIDE/plugins/com.st.stm32cube.ide.mcu.externaltools.gnu-tools-for-stm32.13.3.rel1.win32_1.0.0.202411081344/tools/bin/../lib/gcc/arm-none-eabi/13.3.1/../../../../arm-none-eabi/lib/thumb/v7e-m+fp/hard/crt0.o (memset)
[...]
Memory Configuration

Name             Origin             Length             Attributes
CCMRAM           0x10000000         0x00010000         xrw
RAM              0x20000000         0x00030000         xrw
FLASH            0x08000000         0x00200000         xr
*default*        0x00000000         0xffffffff

Linker script and memory map

LOAD C:/ST/STM32CubeIDE_1.16.0/STM32CubeIDE/plugins/com.st.stm32cube.ide.mcu.externaltools.gnu-tools-for-stm32.13.3.rel1.win32_1.0.0.202411081344/tools/bin/../lib/gcc/arm-none-eabi/13.3.1/thumb/v7e-m+fp/hard/crti.o
LOAD C:/ST/STM32CubeIDE_1.16.0/STM32CubeIDE/plugins/com.st.stm32cube.ide.mcu.externaltools.gnu-tools-for-stm32.13.3.rel1.win32_1.0.0.202411081344/tools/bin/../lib/gcc/arm-none-eabi/13.3.1/thumb/v7e-m+fp/hard/crtbegin.o
LOAD C:/ST/STM32CubeIDE_1.16.0/STM32CubeIDE/plugins/com.st.stm32cube.ide.mcu.externaltools.gnu-tools-for-stm32.13.3.rel1.win32_1.0.0.202411081344/tools/bin/../lib/gcc/arm-none-eabi/13.3.1/../../../../arm-none-eabi/lib/thumb/v7e-m+fp/hard/crt0.o
LOAD ./Core/Src/ApplicationCode.o
LOAD ./Core/Src/Button_Driver.o
LOAD ./Core/Src/ErrorHandling.o
LOAD ./Core/Src/Gyro.o
LOAD ./Core/Src/InterruptControl.o
LOAD ./Core/Src/LCD_Driver.o
LOAD ./Core/Src/RNG_Driver.o
LOAD ./Core/Src/Scheduler.o
LOAD ./Core/Src/fonts.o
LOAD ./Core/Src/ili9341.o
LOAD ./Core/Src/main.o
LOAD ./Core/Src/stm32f4xx_hal_msp.o
LOAD ./Core/Src/stm32f4xx_it.o
LOAD ./Core/Src/stmpe811.o
LOAD ./Core/Src/syscalls.o
LOAD ./Core/Src/sysmem.o
LOAD ./Core/Src/system_stm32f4xx.o
LOAD ./Core/Startup/startup_stm32f429zitx.o
LOAD ./Drivers/STM32F4xx_HAL_Driver/Src/stm32f4xx_hal.o
LOAD ./Drivers/STM32F4xx_HAL_Driver/Src/stm32f4xx_hal_cortex.o
LOAD ./Drivers/STM32F4xx_HAL_Driver/Src/stm32f4xx_hal_dma.o
LOAD ./Drivers/STM32F4xx_HAL_Driver/Src/stm32f4xx_hal_dma_ex.o
LOAD ./Drivers/STM32F4xx_HAL_Driver/Src/stm32f4xx_hal_dsi.o
LOAD ./Drivers/STM32F4xx_HAL_Driver/Src/stm32f4xx_hal_exti.o
LOAD ./Drivers/STM32F4xx_HAL_Driver/Src/stm32f4xx_hal_flash.o
LOAD ./Drivers/STM32F4xx_HAL_Driver/Src/stm32f4xx_hal_flash_ex.o
LOAD ./Drivers/STM32F4xx_HAL_Driver/Src/stm32f4xx_hal_flash_ramfunc.o
LOAD ./Drivers/STM32F4xx_HAL_Driver/Src/stm32f4xx_hal_gpio.o
LOAD ./Drivers/STM32F4xx_HAL_Driver/Src/stm32f4xx_hal_i2c.o
LOAD ./Drivers/STM32F4xx_HAL_Driver/Src/stm32f4xx_hal_i2c_ex.o
LOAD ./Drivers/STM32F4xx_HAL_Driver/Src/stm32f4xx_hal_ltdc.o
LOAD ./Drivers/STM32F4xx_HAL_Driver/Src/stm32f4xx_hal_ltdc_ex.o
LOAD ./Drivers/STM32F4xx_HAL_Driver/Src/stm32f4xx_hal_pwr.o
LOAD ./Drivers/STM32F4xx_HAL_Driver/Src/stm32f4xx_hal_pwr_ex.o
LOAD ./Drivers/STM32F4xx_HAL_Driver/Src/stm32f4xx_hal_rcc.o
LOAD ./Drivers/STM32F4xx_HAL_Driver/Src/stm32f4xx_hal_rcc_ex.o
LOAD ./Drivers/STM32F4xx_HAL_Driver/Src/stm32f4xx_hal_rng.o
LOAD ./Drivers/STM32F4xx_HAL_Driver/Src/stm32f4xx_hal_spi.o
LOAD ./Drivers/STM32F4xx_HAL_Driver/Src/stm32f4xx_hal_tim.o
LOAD ./Drivers/STM32F4xx_HAL_Driver/Src/stm32f4xx_hal_tim_ex.o
START GROUP
LOAD C:/ST/STM32CubeIDE_1.16.0/STM32CubeIDE/plugins/com.st.stm32cube.ide.mcu.externaltools.gnu-tools-for-stm32.13.3.rel1.win32_1.0.0.202411081344/tools/bin/../lib/gcc/arm-none-eabi/13.3.1/../../../../arm-none-eabi/lib/thumb/v7e-m+fp/hard\libc_nano.a
LOAD C:/ST/STM32CubeIDE_1.16.0/STM32CubeIDE/plugins/com.st.stm32cube.ide.mcu.externaltools.gnu-tools-for-stm32.13.3.rel1.win32_1.0.0.202411081344/tools/bin/../lib/gcc/arm-none-eabi/13.3.1/../../../../arm-none-eabi/lib/thumb/v7e-m+fp/hard\libm.a
END GROUP
START GROUP
LOAD C:/ST/STM32CubeIDE_1.16.0/STM32CubeIDE/plugins/com.st.stm32cube.ide.mcu.externaltools.gnu-tools-for-stm32.13.3.rel1.win32_1.0.0.202411081344/tools/bin/../lib/gcc/arm-none-eabi/13.3.1/thumb/v7e-m+fp/hard\libgcc.a
LOAD C:/ST/STM32CubeIDE_1.16.0/STM32CubeIDE/plugins/com.st.stm32cube.ide.mcu.externaltools.gnu-tools-for-stm32.13.3.rel1.win32_1.0.0.202411081344/tools/bin/../lib/gcc/arm-none-eabi/13.3.1/../../../../arm-none-eabi/lib/thumb/v7e-m+fp/hard\libc_nano.a
END GROUP
START GROUP
LOAD C:/ST/STM32CubeIDE_1.16.0/STM32CubeIDE/plugins/com.st.stm32cube.ide.mcu.externaltools.gnu-tools-for-stm32.13.3.rel1.win32_1.0.0.202411081344/tools/bin/../lib/gcc/arm-none-eabi/13.3.1/thumb/v7e-m+fp/hard\libgcc.a
LOAD C:/ST/STM32CubeIDE_1.16.0/STM32CubeIDE/plugins/com.st.stm32cube.ide.mcu.externaltools.gnu-tools-for-stm32.13.3.rel1.win32_1.0.0.202411081344/tools/bin/../lib/gcc/arm-none-eabi/13.3.1/../../../../arm-none-eabi/lib/thumb/v7e-m+fp/hard\libc_nano.a
LOAD C:/ST/STM32CubeIDE_1.16.0/STM32CubeIDE/plugins/com.st.stm32cube.ide.mcu.externaltools.gnu-tools-for-stm32.13.3.rel1.win32_1.0.0.202411081344/tools/bin/../lib/gcc/arm-none-eabi/13.3.1/../../../../arm-none-eabi/lib/thumb/v7e-m+fp/hard\libnosys.a
END GROUP
START GROUP
LOAD C:/ST/STM32CubeIDE_1.16.0/STM32CubeIDE/plugins/com.st.stm32cube.ide.mcu.externaltools.gnu-tools-for-stm32.13.3.rel1.win32_1.0.0.202411081344/tools/bin/../lib/gcc/arm-none-eabi/13.3.1/thumb/v7e-m+fp/hard\libgcc.a
LOAD C:/ST/STM32CubeIDE_1.16.0/STM32CubeIDE/plugins/com.st.stm32cube.ide.mcu.externaltools.gnu-tools-for-stm32.13.3.rel1.win32_1.0.0.202411081344/tools/bin/../lib/gcc/arm-none-eabi/13.3.1/../../../../arm-none-eabi/lib/thumb/v7e-m+fp/hard\libc_nano.a
LOAD C:/ST/STM32CubeIDE_1.16.0/STM32CubeIDE/plugins/com.st.stm32cube.ide.mcu.externaltools.gnu-tools-for-stm32.13.3.rel1.win32_1.0.0.202411081344/tools/bin/../lib/gcc/arm-none-eabi/13.3.1/../../../../arm-none-eabi/lib/thumb/v7e-m+fp/hard\libnosys.a
END GROUP
LOAD C:/ST/STM32CubeIDE_1.16.0/STM32CubeIDE/plugins/com.st.stm32cube.ide.mcu.externaltools.gnu-tools-for-stm32.13.3.rel1.win32_1.0.0.202411081344/tools/bin/../lib/gcc/arm-none-eabi/13.3.1/thumb/v7e-m+fp/hard/crtend.o
LOAD C:/ST/STM32CubeIDE_1.16.0/STM32CubeIDE/plugins/com.st.stm32cube.ide.mcu.externaltools.gnu-tools-for-stm32.13.3.rel1.win32_1.0.0.202411081344/tools/bin/../lib/gcc/arm-none-eabi/13.3.1/thumb/v7e-m+fp/hard/crtn.o
                0x20030000                        _estack = (ORIGIN (RAM) + LENGTH (RAM))
                0x00000200                        _Min_Heap_Size = 0x200
                0x00000400                        _Min_Stack_Size = 0x400

.isr_vector     0x08000000      0x1ac
                0x08000000                        . = ALIGN (0x4)
 *(.isr_vector)
 .isr_vector    0x08000000      0x1ac ./Core/Startup/startup_stm32f429zitx.o
                0x08000000                g_pfnVectors
                0x080001ac                        . = ALIGN (0x4)

.text           0x080001b0     0x7e60
                0x080001b0                        . = ALIGN (0x4)
 *(.text)
 .text          0x080001b0       0x40 C:/ST/STM32CubeIDE_1.16.0/STM32CubeIDE/plugins/com.st.stm32cube.ide.mcu.externaltools.gnu-tools-for-stm32.13.3.rel1.win32_1.0.0.202411081344/tools/bin/../lib/gcc/arm-none-eabi/13.3.1/thumb/v7e-m+fp/hard/crtbegin.o
 .text          0x080001f0       0xa0 C:/ST/STM32CubeIDE_1.16.0/STM32CubeIDE/plugins/com.st.stm32cube.ide.mcu.externaltools.gnu-tools-for-stm32.13.3.rel1.win32_1.0.0.202411081344/tools/bin/../lib/gcc/arm-none-eabi/13.3.1/../../../../arm-none-eabi/lib/thumb/v7e-m+fp/hard\libc_nano.a(libc_a-memchr.o)
                0x080001f0                memchr
 .text          0x08000290       0x30 C:/ST/STM32CubeIDE_1.16.0/STM32CubeIDE/plugins/com.st.stm32cube.ide.mcu.externaltools.gnu-tools-for-stm32.13.3.rel1.win32_1.0.0.202411081344/tools/bin/../lib/gcc/arm-none-eabi/13.3.1/thumb/v7e-m+fp/hard\libgcc.a(_aeabi_uldivmod.o)
                0x08000290                __aeabi_uldivmod
 .text          0x080002c0      0x2f8 C:/ST/STM32CubeIDE_1.16.0/STM32CubeIDE/plugins/com.st.stm32cube.ide.mcu.externaltools.gnu-tools-for-stm32.13.3.rel1.win32_1.0.0.202411081344/tools/bin/../lib/gcc/arm-none-eabi/13.3.1/thumb/v7e-m+fp/hard\libgcc.a(_udivmoddi4.o)
                0x080002c0                __udivmoddi4
 .text          0x080005b8        0x4 C:/ST/STM32CubeIDE_1.16.0/STM32CubeIDE/plugins/com.st.stm32cube.ide.mcu.externaltools.gnu-tools-for-stm32.13.3.rel1.win32_1.0.0.202411081344/tools/bin/../lib/gcc/arm-none-eabi/13.3.1/thumb/v7e-m+fp/hard\libgcc.a(_dvmd_tls.o)
                0x080005b8                __aeabi_idiv0
                0x080005b8                __aeabi_ldiv0
 *(.text*)
 .text.ApplicationInit
                0x080005bc       0x34 ./Core/Src/ApplicationCode.o
                0x080005bc                ApplicationInit
 .text.Draw_MainMenu
                0x080005f0      0x16c ./Core/Src/ApplicationCode.o
                0x080005f0                Draw_MainMenu
 .text.GameScreen
                0x0800075c       0x58 ./Core/Src/ApplicationCode.o
                0x0800075c                GameScreen
 .text.GamePlay_1P
                0x080007b4       0xdc ./Core/Src/ApplicationCode.o
                0x080007b4                GamePlay_1P
 .text.GamePlay_2P
                0x08000890       0xa8 ./Core/Src/ApplicationCode.o
                0x08000890                GamePlay_2P
 .text.DropCoin
                0x08000938      0x190 ./Core/Src/ApplicationCode.o
                0x08000938                DropCoin
 .text.DrawCoin
                0x08000ac8       0x38 ./Core/Src/ApplicationCode.o
                0x08000ac8                DrawCoin
 .text.MoveCoin
                0x08000b00      0x11c ./Core/Src/ApplicationCode.o
                0x08000b00                MoveCoin
 .text.MoveCoin_Gyro
                0x08000c1c       0xf4 ./Core/Src/ApplicationCode.o
                0x08000c1c                MoveCoin_Gyro
 .text.Connect4
                0x08000d10      0x2c0 ./Core/Src/ApplicationCode.o
                0x08000d10                Connect4
 .text.IsTie    0x08000fd0       0x50 ./Core/Src/ApplicationCode.o
                0x08000fd0                IsTie
 .text.Computer_Turn
                0x08001020      0x360 ./Core/Src/ApplicationCode.o
                0x08001020                Computer_Turn
 .text.Computer_Drop
                0x08001380      0x124 ./Core/Src/ApplicationCode.o
                0x08001380                Computer_Drop
 .text.DisplayFinalScreen
                0x080014a4      0x1ac ./Core/Src/ApplicationCode.o
                0x080014a4                DisplayFinalScreen
 .text.Reset_Game
                0x08001650       0x98 ./Core/Src/ApplicationCode.o
                0x08001650                Reset_Game
 .text.applicationInitGyro
                0x080016e8       0x5c ./Core/Src/ApplicationCode.o
                0x080016e8                applicationInitGyro
 .text.EnableButtonClock
                0x08001744       0x34 ./Core/Src/Button_Driver.o
                0x08001744                EnableButtonClock
 .text.Init_Button_InterruptMode
                0x08001778       0x44 ./Core/Src/Button_Driver.o
                0x08001778                Init_Button_InterruptMode
 .text.Gyro_Init
                0x080017bc       0xd8 ./Core/Src/Gyro.o
                0x080017bc                Gyro_Init
 .text.Gyro_Power
                0x08001894       0x2a ./Core/Src/Gyro.o
                0x08001894                Gyro_Power
 .text.Gyro_Configure
                0x080018be       0x28 ./Core/Src/Gyro.o
                0x080018be                Gyro_Configure
 *fill*         0x080018e6        0x2 
 .text.Gyro_Read
                0x080018e8       0x74 ./Core/Src/Gyro.o
                0x080018e8                Gyro_Read
 .text.Gyro_Write
                0x0800195c       0x5c ./Core/Src/Gyro.o
                0x0800195c                Gyro_Write
 .text.Gyro_SPI_Check
                0x080019b8       0x20 ./Core/Src/Gyro.o
                0x080019b8                Gyro_SPI_Check
 .text.Gyro_Enable_Slave
                0x080019d8       0x18 ./Core/Src/Gyro.o
                0x080019d8                Gyro_Enable_Slave
 .text.Gyro_Disable_Slave
                0x080019f0       0x18 ./Core/Src/Gyro.o
                0x080019f0                Gyro_Disable_Slave
 .text.Gyro_Get_Velocity
                0x08001a08       0x36 ./Core/Src/Gyro.o
                0x08001a08                Gyro_Get_Velocity
 .text.Gyro_Sample
                0x08001a3e       0x20 ./Core/Src/Gyro.o
                0x08001a3e                Gyro_Sample
 *fill*         0x08001a5e        0x2 
 .text.Enable_IRQ
                0x08001a60       0x34 ./Core/Src/InterruptControl.o
                0x08001a60                Enable_IRQ
 .text.Disable_IRQ
                0x08001a94       0x34 ./Core/Src/InterruptControl.o
                0x08001a94                Disable_IRQ
 .text.Clear_EXTI_Pending
                0x08001ac8       0x30 ./Core/Src/InterruptControl.o
                0x08001ac8                Clear_EXTI_Pending
 .text.LCD_GPIO_Init
                0x08001af8      0x190 ./Core/Src/LCD_Driver.o
                0x08001af8                LCD_GPIO_Init
 .text.LTCD_Layer_Init
                0x08001c88       0x80 ./Core/Src/LCD_Driver.o
                0x08001c88                LTCD_Layer_Init
 .text.LTCD__Init
                0x08001d08       0xbc ./Core/Src/LCD_Driver.o
                0x08001d08                LTCD__Init
 .text.LCD_Draw_Pixel
                0x08001dc4       0x3c ./Core/Src/LCD_Driver.o
                0x08001dc4                LCD_Draw_Pixel
 .text.LCD_Draw_Circle_Fill
                0x08001e00       0xa6 ./Core/Src/LCD_Driver.o
                0x08001e00                LCD_Draw_Circle_Fill
 .text.LCD_Draw_Vertical_Line
                0x08001ea6       0x4e ./Core/Src/LCD_Driver.o
                0x08001ea6                LCD_Draw_Vertical_Line
 .text.LCD_Draw_Horizontal_Line
                0x08001ef4       0x4e ./Core/Src/LCD_Driver.o
                0x08001ef4                LCD_Draw_Horizontal_Line
 *fill*         0x08001f42        0x2 
 .text.LCD_Clear
                0x08001f44       0x44 ./Core/Src/LCD_Driver.o
                0x08001f44                LCD_Clear
 .text.LCD_SetTextColor
                0x08001f88       0x20 ./Core/Src/LCD_Driver.o
                0x08001f88                LCD_SetTextColor
 .text.LCD_SetFont
                0x08001fa8       0x20 ./Core/Src/LCD_Driver.o
                0x08001fa8                LCD_SetFont
 .text.LCD_Draw_Char
                0x08001fc8       0xdc ./Core/Src/LCD_Driver.o
                0x08001fc8                LCD_Draw_Char
 .text.LCD_DisplayChar
                0x080020a4       0x44 ./Core/Src/LCD_Driver.o
                0x080020a4                LCD_DisplayChar
 .text.LCD_Error_Handler
                0x080020e8        0xc ./Core/Src/LCD_Driver.o
                0x080020e8                LCD_Error_Handler
 .text.InitializeLCDTouch
                0x080020f4       0x16 ./Core/Src/LCD_Driver.o
                0x080020f4                InitializeLCDTouch
 .text.returnTouchStateAndLocation
                0x0800210a       0x18 ./Core/Src/LCD_Driver.o
                0x0800210a                returnTouchStateAndLocation
 *fill*         0x08002122        0x2 
 .text.addSchedulerEvent
                0x08002124       0x24 ./Core/Src/Scheduler.o
                0x08002124                addSchedulerEvent
 .text.removeSchedulerEvent
                0x08002148       0x28 ./Core/Src/Scheduler.o
                0x08002148                removeSchedulerEvent
 .text.getScheduledEvents
                0x08002170       0x18 ./Core/Src/Scheduler.o
                0x08002170                getScheduledEvents
 .text.ili9341_Init
                0x08002188      0x294 ./Core/Src/ili9341.o
                0x08002188                ili9341_Init
 .text.ili9341_Write_Reg
                0x0800241c       0x1a ./Core/Src/ili9341.o
                0x0800241c                ili9341_Write_Reg
 .text.ili9341_Send_Data
                0x08002436       0x1a ./Core/Src/ili9341.o
                0x08002436                ili9341_Send_Data
 .text.SPI_Init
                0x08002450       0x74 ./Core/Src/ili9341.o
 .text.SPI_Write
                0x080024c4       0x3c ./Core/Src/ili9341.o
 .text.SPI_Error
                0x08002500       0x18 ./Core/Src/ili9341.o
 .text.SPI_MspInit
                0x08002518       0x74 ./Core/Src/ili9341.o
 .text.LCD_IO_Init
                0x0800258c       0xf0 ./Core/Src/ili9341.o
                0x0800258c                LCD_IO_Init
 .text.LCD_IO_WriteData
                0x0800267c       0x44 ./Core/Src/ili9341.o
                0x0800267c                LCD_IO_WriteData
 .text.LCD_IO_WriteReg
                0x080026c0       0x44 ./Core/Src/ili9341.o
                0x080026c0                LCD_IO_WriteReg
 .text.LCD_Delay
                0x08002704       0x16 ./Core/Src/ili9341.o
                0x08002704                LCD_Delay
 .text.main     0x0800271a       0x38 ./Core/Src/main.o
                0x0800271a                main
 *fill*         0x08002752        0x2 
 .text.SystemClock_Config
                0x08002754       0xd4 ./Core/Src/main.o
                0x08002754                SystemClock_Config
 .text.MX_I2C3_Init
                0x08002828       0x80 ./Core/Src/main.o
 .text.MX_LTDC_Init
                0x080028a8      0x164 ./Core/Src/main.o
 .text.MX_RNG_Init
                0x08002a0c       0x28 ./Core/Src/main.o
 .text.MX_SPI5_Init
                0x08002a34       0x6c ./Core/Src/main.o
 .text.MX_TIM2_Init
                0x08002aa0       0x98 ./Core/Src/main.o
 .text.MX_GPIO_Init
                0x08002b38      0x35c ./Core/Src/main.o
 .text.Error_Handler
                0x08002e94        0xc ./Core/Src/main.o
                0x08002e94                Error_Handler
 .text.HAL_MspInit
                0x08002ea0       0x50 ./Core/Src/stm32f4xx_hal_msp.o
                0x08002ea0                HAL_MspInit
 .text.HAL_I2C_MspInit
                0x08002ef0       0xd4 ./Core/Src/stm32f4xx_hal_msp.o
                0x08002ef0                HAL_I2C_MspInit
 .text.HAL_LTDC_MspInit
                0x08002fc4      0x250 ./Core/Src/stm32f4xx_hal_msp.o
                0x08002fc4                HAL_LTDC_MspInit
 .text.HAL_RNG_MspInit
                0x08003214       0x44 ./Core/Src/stm32f4xx_hal_msp.o
                0x08003214                HAL_RNG_MspInit
 .text.HAL_SPI_MspInit
                0x08003258       0x90 ./Core/Src/stm32f4xx_hal_msp.o
                0x08003258                HAL_SPI_MspInit
 .text.HAL_SPI_MspDeInit
                0x080032e8       0x3c ./Core/Src/stm32f4xx_hal_msp.o
                0x080032e8                HAL_SPI_MspDeInit
 .text.HAL_TIM_Base_MspInit
                0x08003324       0x40 ./Core/Src/stm32f4xx_hal_msp.o
                0x08003324                HAL_TIM_Base_MspInit
 .text.NMI_Handler
                0x08003364        0x8 ./Core/Src/stm32f4xx_it.o
                0x08003364                NMI_Handler
 .text.HardFault_Handler
                0x0800336c        0x8 ./Core/Src/stm32f4xx_it.o
                0x0800336c                HardFault_Handler
 .text.MemManage_Handler
                0x08003374        0x8 ./Core/Src/stm32f4xx_it.o
                0x08003374                MemManage_Handler
 .text.BusFault_Handler
                0x0800337c        0x8 ./Core/Src/stm32f4xx_it.o
                0x0800337c                BusFault_Handler
 .text.UsageFault_Handler
                0x08003384        0x8 ./Core/Src/stm32f4xx_it.o
                0x08003384                UsageFault_Handler
 .text.SVC_Handler
                0x0800338c        0xe ./Core/Src/stm32f4xx_it.o
                0x0800338c                SVC_Handler
 .text.DebugMon_Handler
                0x0800339a        0xe ./Core/Src/stm32f4xx_it.o
                0x0800339a                DebugMon_Handler
 .text.PendSV_Handler
                0x080033a8        0xe ./Core/Src/stm32f4xx_it.o
                0x080033a8                PendSV_Handler
 .text.SysTick_Handler
                0x080033b6        0xc ./Core/Src/stm32f4xx_it.o
                0x080033b6                SysTick_Handler
 .text.EXTI0_IRQHandler
                0x080033c2       0x20 ./Core/Src/stm32f4xx_it.o
                0x080033c2                EXTI0_IRQHandler
 .text.STMPE811_Init
                0x080033e2      0x14e ./Core/Src/stmpe811.o
                0x080033e2                STMPE811_Init
 .text.STMPE811_Read
                0x08003530       0x22 ./Core/Src/stmpe811.o
                0x08003530                STMPE811_Read
 .text.STMPE811_ReadTouch
                0x08003552      0x198 ./Core/Src/stmpe811.o
                0x08003552                STMPE811_ReadTouch
 *fill*         0x080036ea        0x2 
 .text.verifyHAL_I2C_IS_OKAY
                0x080036ec       0x20 ./Core/Src/stmpe811.o
                0x080036ec                verifyHAL_I2C_IS_OKAY
 .text.I2C3_Init
                0x0800370c       0x7c ./Core/Src/stmpe811.o
 .text.I2C3_MspInit
                0x08003788       0xa8 ./Core/Src/stmpe811.o
 .text.I2C3_Write
                0x08003830       0x54 ./Core/Src/stmpe811.o
                0x08003830                I2C3_Write
 .text.I2C3_Read
                0x08003884       0x4c ./Core/Src/stmpe811.o
                0x08003884                I2C3_Read
 .text.I2C3_MulitByteRead
                0x080038d0       0x44 ./Core/Src/stmpe811.o
                0x080038d0                I2C3_MulitByteRead
 .text.TM_STMPE811_ReadX
                0x08003914       0xc0 ./Core/Src/stmpe811.o
                0x08003914                TM_STMPE811_ReadX
 .text.TM_STMPE811_ReadY
                0x080039d4       0xa4 ./Core/Src/stmpe811.o
                0x080039d4                TM_STMPE811_ReadY
 .text.initialise_monitor_handles
                0x08003a78        0xe ./Core/Src/syscalls.o
                0x08003a78                initialise_monitor_handles
 *fill*         0x08003a86        0x2 
 .text._sbrk    0x08003a88       0x6c ./Core/Src/sysmem.o
                0x08003a88                _sbrk
 .text.SystemInit
                0x08003af4       0x24 ./Core/Src/system_stm32f4xx.o
                0x08003af4                SystemInit
 .text.Reset_Handler
                0x08003b18       0x50 ./Core/Startup/startup_stm32f429zitx.o
                0x08003b18                Reset_Handler
 .text.Default_Handler
                0x08003b68        0x2 ./Core/Startup/startup_stm32f429zitx.o
                0x08003b68                RTC_Alarm_IRQHandler
                0x08003b68                HASH_RNG_IRQHandler
                0x08003b68                EXTI2_IRQHandler
                0x08003b68                TIM8_CC_IRQHandler
                0x08003b68                UART8_IRQHandler
                0x08003b68                SPI4_IRQHandler
                0x08003b68                TIM1_CC_IRQHandler
                0x08003b68                DMA2_Stream5_IRQHandler
                0x08003b68                DMA1_Stream5_IRQHandler
                0x08003b68                PVD_IRQHandler
                0x08003b68                SDIO_IRQHandler
                0x08003b68                TAMP_STAMP_IRQHandler
                0x08003b68                CAN2_RX1_IRQHandler
                0x08003b68                EXTI3_IRQHandler
                0x08003b68                TIM8_TRG_COM_TIM14_IRQHandler
                0x08003b68                TIM1_UP_TIM10_IRQHandler
                0x08003b68                TIM8_UP_TIM13_IRQHandler
                0x08003b68                I2C3_ER_IRQHandler
                0x08003b68                I2C2_EV_IRQHandler
                0x08003b68                DMA1_Stream2_IRQHandler
                0x08003b68                CAN1_RX0_IRQHandler
                0x08003b68                FPU_IRQHandler
                0x08003b68                OTG_HS_WKUP_IRQHandler
                0x08003b68                LTDC_ER_IRQHandler
                0x08003b68                CAN2_SCE_IRQHandler
                0x08003b68                DMA2_Stream2_IRQHandler
                0x08003b68                SPI1_IRQHandler
                0x08003b68                TIM6_DAC_IRQHandler
                0x08003b68                TIM1_BRK_TIM9_IRQHandler
                0x08003b68                DCMI_IRQHandler
                0x08003b68                CAN2_RX0_IRQHandler
                0x08003b68                DMA2_Stream3_IRQHandler
                0x08003b68                USART6_IRQHandler
                0x08003b68                USART3_IRQHandler
                0x08003b68                CAN1_RX1_IRQHandler
                0x08003b68                UART5_IRQHandler
                0x08003b68                DMA2_Stream0_IRQHandler
                0x08003b68                TIM4_IRQHandler
                0x08003b68                I2C1_EV_IRQHandler
                0x08003b68                DMA1_Stream6_IRQHandler
                0x08003b68                DMA1_Stream1_IRQHandler
                0x08003b68                UART4_IRQHandler
                0x08003b68                TIM3_IRQHandler
                0x08003b68                RCC_IRQHandler
                0x08003b68                TIM8_BRK_TIM12_IRQHandler
                0x08003b68                Default_Handler
                0x08003b68                EXTI15_10_IRQHandler
                0x08003b68                ADC_IRQHandler
                0x08003b68                DMA1_Stream7_IRQHandler
                0x08003b68                SPI5_IRQHandler
                0x08003b68                TIM7_IRQHandler
                0x08003b68                CAN2_TX_IRQHandler
                0x08003b68                TIM5_IRQHandler
                0x08003b68                DMA2_Stream7_IRQHandler
                0x08003b68                I2C3_EV_IRQHandler
                0x08003b68                EXTI9_5_IRQHandler
                0x08003b68                RTC_WKUP_IRQHandler
                0x08003b68                LTDC_IRQHandler
                0x08003b68                ETH_WKUP_IRQHandler
                0x08003b68                SPI2_IRQHandler
                0x08003b68                OTG_HS_EP1_IN_IRQHandler
                0x08003b68                DMA1_Stream0_IRQHandler
                0x08003b68                CAN1_TX_IRQHandler
                0x08003b68                EXTI4_IRQHandler
                0x08003b68                ETH_IRQHandler
                0x08003b68                OTG_HS_EP1_OUT_IRQHandler
                0x08003b68                WWDG_IRQHandler
                0x08003b68                SPI6_IRQHandler
                0x08003b68                TIM2_IRQHandler
                0x08003b68                OTG_FS_WKUP_IRQHandler
                0x08003b68                TIM1_TRG_COM_TIM11_IRQHandler
                0x08003b68                OTG_HS_IRQHandler
                0x08003b68                DMA2D_IRQHandler
                0x08003b68                EXTI1_IRQHandler
                0x08003b68                UART7_IRQHandler
                0x08003b68                USART2_IRQHandler
                0x08003b68                I2C2_ER_IRQHandler
                0x08003b68                DMA2_Stream1_IRQHandler
                0x08003b68                CAN1_SCE_IRQHandler
                0x08003b68                FLASH_IRQHandler
                0x08003b68                DMA2_Stream4_IRQHandler
                0x08003b68                USART1_IRQHandler
                0x08003b68                OTG_FS_IRQHandler
                0x08003b68                SPI3_IRQHandler
                0x08003b68                DMA1_Stream4_IRQHandler
                0x08003b68                I2C1_ER_IRQHandler
                0x08003b68                FMC_IRQHandler
                0x08003b68                DMA2_Stream6_IRQHandler
                0x08003b68                SAI1_IRQHandler
                0x08003b68                DMA1_Stream3_IRQHandler
 *fill*         0x08003b6a        0x2 
 .text.HAL_Init
                0x08003b6c       0x44 ./Drivers/STM32F4xx_HAL_Driver/Src/stm32f4xx_hal.o
                0x08003b6c                HAL_Init
 .text.HAL_InitTick
                0x08003bb0       0x60 ./Drivers/STM32F4xx_HAL_Driver/Src/stm32f4xx_hal.o
                0x08003bb0                HAL_InitTick
 .text.HAL_IncTick
                0x08003c10       0x28 ./Drivers/STM32F4xx_HAL_Driver/Src/stm32f4xx_hal.o
                0x08003c10                HAL_IncTick
 .text.HAL_GetTick
                0x08003c38       0x18 ./Drivers/STM32F4xx_HAL_Driver/Src/stm32f4xx_hal.o
                0x08003c38                HAL_GetTick
 .text.HAL_Delay
                0x08003c50       0x48 ./Drivers/STM32F4xx_HAL_Driver/Src/stm32f4xx_hal.o
                0x08003c50                HAL_Delay
 .text.__NVIC_SetPriorityGrouping
                0x08003c98       0x48 ./Drivers/STM32F4xx_HAL_Driver/Src/stm32f4xx_hal_cortex.o
 .text.__NVIC_GetPriorityGrouping
                0x08003ce0       0x1c ./Drivers/STM32F4xx_HAL_Driver/Src/stm32f4xx_hal_cortex.o
 .text.__NVIC_EnableIRQ
                0x08003cfc       0x3c ./Drivers/STM32F4xx_HAL_Driver/Src/stm32f4xx_hal_cortex.o
 .text.__NVIC_SetPriority
                0x08003d38       0x54 ./Drivers/STM32F4xx_HAL_Driver/Src/stm32f4xx_hal_cortex.o
 .text.NVIC_EncodePriority
                0x08003d8c       0x66 ./Drivers/STM32F4xx_HAL_Driver/Src/stm32f4xx_hal_cortex.o
 *fill*         0x08003df2        0x2 
 .text.SysTick_Config
                0x08003df4       0x44 ./Drivers/STM32F4xx_HAL_Driver/Src/stm32f4xx_hal_cortex.o
 .text.HAL_NVIC_SetPriorityGrouping
                0x08003e38       0x16 ./Drivers/STM32F4xx_HAL_Driver/Src/stm32f4xx_hal_cortex.o
                0x08003e38                HAL_NVIC_SetPriorityGrouping
 .text.HAL_NVIC_SetPriority
                0x08003e4e       0x38 ./Drivers/STM32F4xx_HAL_Driver/Src/stm32f4xx_hal_cortex.o
                0x08003e4e                HAL_NVIC_SetPriority
 .text.HAL_NVIC_EnableIRQ
                0x08003e86       0x1c ./Drivers/STM32F4xx_HAL_Driver/Src/stm32f4xx_hal_cortex.o
                0x08003e86                HAL_NVIC_EnableIRQ
 .text.HAL_SYSTICK_Config
                0x08003ea2       0x18 ./Drivers/STM32F4xx_HAL_Driver/Src/stm32f4xx_hal_cortex.o
                0x08003ea2                HAL_SYSTICK_Config
 *fill*         0x08003eba        0x2 
 .text.HAL_GPIO_Init
                0x08003ebc      0x358 ./Drivers/STM32F4xx_HAL_Driver/Src/stm32f4xx_hal_gpio.o
                0x08003ebc                HAL_GPIO_Init
 .text.HAL_GPIO_DeInit
                0x08004214      0x218 ./Drivers/STM32F4xx_HAL_Driver/Src/stm32f4xx_hal_gpio.o
                0x08004214                HAL_GPIO_DeInit
 .text.HAL_GPIO_ReadPin
                0x0800442c       0x30 ./Drivers/STM32F4xx_HAL_Driver/Src/stm32f4xx_hal_gpio.o
                0x0800442c                HAL_GPIO_ReadPin
 .text.HAL_GPIO_WritePin
                0x0800445c       0x32 ./Drivers/STM32F4xx_HAL_Driver/Src/stm32f4xx_hal_gpio.o
                0x0800445c                HAL_GPIO_WritePin
 *fill*         0x0800448e        0x2 
 .text.HAL_I2C_Init
                0x08004490      0x288 ./Drivers/STM32F4xx_HAL_Driver/Src/stm32f4xx_hal_i2c.o
                0x08004490                HAL_I2C_Init
 .text.HAL_I2C_Mem_Write
                0x08004718      0x1f4 ./Drivers/STM32F4xx_HAL_Driver/Src/stm32f4xx_hal_i2c.o
                0x08004718                HAL_I2C_Mem_Write
 .text.HAL_I2C_Mem_Read
                0x0800490c      0x464 ./Drivers/STM32F4xx_HAL_Driver/Src/stm32f4xx_hal_i2c.o
                0x0800490c                HAL_I2C_Mem_Read
 .text.I2C_RequestMemoryWrite
                0x08004d70      0x12c ./Drivers/STM32F4xx_HAL_Driver/Src/stm32f4xx_hal_i2c.o
 .text.I2C_RequestMemoryRead
                0x08004e9c      0x1d0 ./Drivers/STM32F4xx_HAL_Driver/Src/stm32f4xx_hal_i2c.o
 .text.I2C_WaitOnFlagUntilTimeout
                0x0800506c       0xf4 ./Drivers/STM32F4xx_HAL_Driver/Src/stm32f4xx_hal_i2c.o
 .text.I2C_WaitOnMasterAddressFlagUntilTimeout
                0x08005160      0x140 ./Drivers/STM32F4xx_HAL_Driver/Src/stm32f4xx_hal_i2c.o
 .text.I2C_WaitOnTXEFlagUntilTimeout
                0x080052a0       0x90 ./Drivers/STM32F4xx_HAL_Driver/Src/stm32f4xx_hal_i2c.o
 .text.I2C_WaitOnBTFFlagUntilTimeout
                0x08005330       0x90 ./Drivers/STM32F4xx_HAL_Driver/Src/stm32f4xx_hal_i2c.o
 .text.I2C_WaitOnRXNEFlagUntilTimeout
                0x080053c0       0xba ./Drivers/STM32F4xx_HAL_Driver/Src/stm32f4xx_hal_i2c.o
 .text.I2C_IsAcknowledgeFailed
                0x0800547a       0x5e ./Drivers/STM32F4xx_HAL_Driver/Src/stm32f4xx_hal_i2c.o
 .text.HAL_I2CEx_ConfigAnalogFilter
                0x080054d8       0x78 ./Drivers/STM32F4xx_HAL_Driver/Src/stm32f4xx_hal_i2c_ex.o
                0x080054d8                HAL_I2CEx_ConfigAnalogFilter
 .text.HAL_I2CEx_ConfigDigitalFilter
                0x08005550       0x7e ./Drivers/STM32F4xx_HAL_Driver/Src/stm32f4xx_hal_i2c_ex.o
                0x08005550                HAL_I2CEx_ConfigDigitalFilter
 *fill*         0x080055ce        0x2 
 .text.HAL_LTDC_Init
                0x080055d0      0x1a0 ./Drivers/STM32F4xx_HAL_Driver/Src/stm32f4xx_hal_ltdc.o
                0x080055d0                HAL_LTDC_Init
 .text.HAL_LTDC_ConfigLayer
                0x08005770       0x7c ./Drivers/STM32F4xx_HAL_Driver/Src/stm32f4xx_hal_ltdc.o
                0x08005770                HAL_LTDC_ConfigLayer
 .text.LTDC_SetConfig
                0x080057ec      0x32e ./Drivers/STM32F4xx_HAL_Driver/Src/stm32f4xx_hal_ltdc.o
 *fill*         0x08005b1a        0x2 
 .text.HAL_RCC_OscConfig
                0x08005b1c      0x4f0 ./Drivers/STM32F4xx_HAL_Driver/Src/stm32f4xx_hal_rcc.o
                0x08005b1c                HAL_RCC_OscConfig
 .text.HAL_RCC_ClockConfig
                0x0800600c      0x1cc ./Drivers/STM32F4xx_HAL_Driver/Src/stm32f4xx_hal_rcc.o
                0x0800600c                HAL_RCC_ClockConfig
 .text.HAL_RCC_GetSysClockFreq
                0x080061d8      0x20c ./Drivers/STM32F4xx_HAL_Driver/Src/stm32f4xx_hal_rcc.o
                0x080061d8                HAL_RCC_GetSysClockFreq
 .text.HAL_RCC_GetHCLKFreq
                0x080063e4       0x18 ./Drivers/STM32F4xx_HAL_Driver/Src/stm32f4xx_hal_rcc.o
                0x080063e4                HAL_RCC_GetHCLKFreq
 .text.HAL_RCC_GetPCLK1Freq
                0x080063fc       0x28 ./Drivers/STM32F4xx_HAL_Driver/Src/stm32f4xx_hal_rcc.o
                0x080063fc                HAL_RCC_GetPCLK1Freq
 .text.HAL_RCCEx_PeriphCLKConfig
                0x08006424      0x380 ./Drivers/STM32F4xx_HAL_Driver/Src/stm32f4xx_hal_rcc_ex.o
                0x08006424                HAL_RCCEx_PeriphCLKConfig
 .text.HAL_RNG_Init
                0x080067a4       0x54 ./Drivers/STM32F4xx_HAL_Driver/Src/stm32f4xx_hal_rng.o
                0x080067a4                HAL_RNG_Init
 .text.HAL_SPI_Init
                0x080067f8      0x112 ./Drivers/STM32F4xx_HAL_Driver/Src/stm32f4xx_hal_spi.o
                0x080067f8                HAL_SPI_Init
 .text.HAL_SPI_DeInit
                0x0800690a       0x50 ./Drivers/STM32F4xx_HAL_Driver/Src/stm32f4xx_hal_spi.o
                0x0800690a                HAL_SPI_DeInit
 .text.HAL_SPI_Transmit
                0x0800695a      0x288 ./Drivers/STM32F4xx_HAL_Driver/Src/stm32f4xx_hal_spi.o
                0x0800695a                HAL_SPI_Transmit
 .text.HAL_SPI_TransmitReceive
                0x08006be2      0x352 ./Drivers/STM32F4xx_HAL_Driver/Src/stm32f4xx_hal_spi.o
                0x08006be2                HAL_SPI_TransmitReceive
 .text.HAL_SPI_GetState
                0x08006f34       0x1c ./Drivers/STM32F4xx_HAL_Driver/Src/stm32f4xx_hal_spi.o
                0x08006f34                HAL_SPI_GetState
 .text.SPI_WaitFlagStateUntilTimeout
                0x08006f50      0x110 ./Drivers/STM32F4xx_HAL_Driver/Src/stm32f4xx_hal_spi.o
 .text.SPI_EndRxTxTransaction
                0x08007060       0xa8 ./Drivers/STM32F4xx_HAL_Driver/Src/stm32f4xx_hal_spi.o
 .text.HAL_TIM_Base_Init
                0x08007108       0x9e ./Drivers/STM32F4xx_HAL_Driver/Src/stm32f4xx_hal_tim.o
                0x08007108                HAL_TIM_Base_Init
 .text.HAL_TIM_ConfigClockSource
                0x080071a6      0x18e ./Drivers/STM32F4xx_HAL_Driver/Src/stm32f4xx_hal_tim.o
                0x080071a6                HAL_TIM_ConfigClockSource
 .text.TIM_Base_SetConfig
                0x08007334      0x158 ./Drivers/STM32F4xx_HAL_Driver/Src/stm32f4xx_hal_tim.o
                0x08007334                TIM_Base_SetConfig
 .text.TIM_TI1_ConfigInputStage
                0x0800748c       0x5e ./Drivers/STM32F4xx_HAL_Driver/Src/stm32f4xx_hal_tim.o
 .text.TIM_TI2_ConfigInputStage
                0x080074ea       0x60 ./Drivers/STM32F4xx_HAL_Driver/Src/stm32f4xx_hal_tim.o
 .text.TIM_ITRx_SetConfig
                0x0800754a       0x36 ./Drivers/STM32F4xx_HAL_Driver/Src/stm32f4xx_hal_tim.o
 .text.TIM_ETR_SetConfig
                0x08007580       0x40 ./Drivers/STM32F4xx_HAL_Driver/Src/stm32f4xx_hal_tim.o
                0x08007580                TIM_ETR_SetConfig
 .text.HAL_TIMEx_MasterConfigSynchronization
                0x080075c0       0xf8 ./Drivers/STM32F4xx_HAL_Driver/Src/stm32f4xx_hal_tim_ex.o
                0x080075c0                HAL_TIMEx_MasterConfigSynchronization
 .text.sprintf  0x080076b8       0x44 C:/ST/STM32CubeIDE_1.16.0/STM32CubeIDE/plugins/com.st.stm32cube.ide.mcu.externaltools.gnu-tools-for-stm32.13.3.rel1.win32_1.0.0.202411081344/tools/bin/../lib/gcc/arm-none-eabi/13.3.1/../../../../arm-none-eabi/lib/thumb/v7e-m+fp/hard\libc_nano.a(libc_a-sprintf.o)
                0x080076b8                siprintf
                0x080076b8                sprintf
 .text.memset   0x080076fc       0x10 C:/ST/STM32CubeIDE_1.16.0/STM32CubeIDE/plugins/com.st.stm32cube.ide.mcu.externaltools.gnu-tools-for-stm32.13.3.rel1.win32_1.0.0.202411081344/tools/bin/../lib/gcc/arm-none-eabi/13.3.1/../../../../arm-none-eabi/lib/thumb/v7e-m+fp/hard\libc_nano.a(libc_a-memset.o)
                0x080076fc                memset
 .text.__errno  0x0800770c        0xc C:/ST/STM32CubeIDE_1.16.0/STM32CubeIDE/plugins/com.st.stm32cube.ide.mcu.externaltools.gnu-tools-for-stm32.13.3.rel1.win32_1.0.0.202411081344/tools/bin/../lib/gcc/arm-none-eabi/13.3.1/../../../../arm-none-eabi/lib/thumb/v7e-m+fp/hard\libc_nano.a(libc_a-errno.o)
                0x0800770c                __errno
 .text.__libc_init_array
                0x08007718       0x48 C:/ST/STM32CubeIDE_1.16.0/STM32CubeIDE/plugins/com.st.stm32cube.ide.mcu.externaltools.gnu-tools-for-stm32.13.3.rel1.win32_1.0.0.202411081344/tools/bin/../lib/gcc/arm-none-eabi/13.3.1/../../../../arm-none-eabi/lib/thumb/v7e-m+fp/hard\libc_nano.a(libc_a-init.o)
                0x08007718                __libc_init_array
 .text.__retarget_lock_acquire_recursive
                0x08007760        0x2 C:/ST/STM32CubeIDE_1.16.0/STM32CubeIDE/plugins/com.st.stm32cube.ide.mcu.externaltools.gnu-tools-for-stm32.13.3.rel1.win32_1.0.0.202411081344/tools/bin/../lib/gcc/arm-none-eabi/13.3.1/../../../../arm-none-eabi/lib/thumb/v7e-m+fp/hard\libc_nano.a(libc_a-lock.o)
                0x08007760                __retarget_lock_acquire_recursive
 .text.__retarget_lock_release_recursive
                0x08007762        0x2 C:/ST/STM32CubeIDE_1.16.0/STM32CubeIDE/plugins/com.st.stm32cube.ide.mcu.externaltools.gnu-tools-for-stm32.13.3.rel1.win32_1.0.0.202411081344/tools/bin/../lib/gcc/arm-none-eabi/13.3.1/../../../../arm-none-eabi/lib/thumb/v7e-m+fp/hard\libc_nano.a(libc_a-lock.o)
                0x08007762                __retarget_lock_release_recursive
 .text._free_r  0x08007764       0x94 C:/ST/STM32CubeIDE_1.16.0/STM32CubeIDE/plugins/com.st.stm32cube.ide.mcu.externaltools.gnu-tools-for-stm32.13.3.rel1.win32_1.0.0.202411081344/tools/bin/../lib/gcc/arm-none-eabi/13.3.1/../../../../arm-none-eabi/lib/thumb/v7e-m+fp/hard\libc_nano.a(libc_a-freer.o)
                0x08007764                _free_r
 .text.sbrk_aligned
                0x080077f8       0x44 C:/ST/STM32CubeIDE_1.16.0/STM32CubeIDE/plugins/com.st.stm32cube.ide.mcu.externaltools.gnu-tools-for-stm32.13.3.rel1.win32_1.0.0.202411081344/tools/bin/../lib/gcc/arm-none-eabi/13.3.1/../../../../arm-none-eabi/lib/thumb/v7e-m+fp/hard\libc_nano.a(libc_a-mallocr.o)
 .text._malloc_r
                0x0800783c      0x100 C:/ST/STM32CubeIDE_1.16.0/STM32CubeIDE/plugins/com.st.stm32cube.ide.mcu.externaltools.gnu-tools-for-stm32.13.3.rel1.win32_1.0.0.202411081344/tools/bin/../lib/gcc/arm-none-eabi/13.3.1/../../../../arm-none-eabi/lib/thumb/v7e-m+fp/hard\libc_nano.a(libc_a-mallocr.o)
                0x0800783c                _malloc_r
 .text.__malloc_lock
                0x0800793c        0xc C:/ST/STM32CubeIDE_1.16.0/STM32CubeIDE/plugins/com.st.stm32cube.ide.mcu.externaltools.gnu-tools-for-stm32.13.3.rel1.win32_1.0.0.202411081344/tools/bin/../lib/gcc/arm-none-eabi/13.3.1/../../../../arm-none-eabi/lib/thumb/v7e-m+fp/hard\libc_nano.a(libc_a-mlock.o)
                0x0800793c                __malloc_lock
 .text.__malloc_unlock
                0x08007948        0xc C:/ST/STM32CubeIDE_1.16.0/STM32CubeIDE/plugins/com.st.stm32cube.ide.mcu.externaltools.gnu-tools-for-stm32.13.3.rel1.win32_1.0.0.202411081344/tools/bin/../lib/gcc/arm-none-eabi/13.3.1/../../../../arm-none-eabi/lib/thumb/v7e-m+fp/hard\libc_nano.a(libc_a-mlock.o)
                0x08007948                __malloc_unlock
 .text.__ssputs_r
                0x08007954       0xb6 C:/ST/STM32CubeIDE_1.16.0/STM32CubeIDE/plugins/com.st.stm32cube.ide.mcu.externaltools.gnu-tools-for-stm32.13.3.rel1.win32_1.0.0.202411081344/tools/bin/../lib/gcc/arm-none-eabi/13.3.1/../../../../arm-none-eabi/lib/thumb/v7e-m+fp/hard\libc_nano.a(libc_a-nano-svfprintf.o)
                0x08007954                __ssputs_r
 *fill*         0x08007a0a        0x2 
 .text._svfprintf_r
                0x08007a0c      0x1f8 C:/ST/STM32CubeIDE_1.16.0/STM32CubeIDE/plugins/com.st.stm32cube.ide.mcu.externaltools.gnu-tools-for-stm32.13.3.rel1.win32_1.0.0.202411081344/tools/bin/../lib/gcc/arm-none-eabi/13.3.1/../../../../arm-none-eabi/lib/thumb/v7e-m+fp/hard\libc_nano.a(libc_a-nano-svfprintf.o)
                0x08007a0c                _svfiprintf_r
                0x08007a0c                _svfprintf_r
 .text._printf_common
                0x08007c04       0xda C:/ST/STM32CubeIDE_1.16.0/STM32CubeIDE/plugins/com.st.stm32cube.ide.mcu.externaltools.gnu-tools-for-stm32.13.3.rel1.win32_1.0.0.202411081344/tools/bin/../lib/gcc/arm-none-eabi/13.3.1/../../../../arm-none-eabi/lib/thumb/v7e-m+fp/hard\libc_nano.a(libc_a-nano-vfprintf_i.o)
                0x08007c04                _printf_common
 *fill*         0x08007cde        0x2 
 .text._printf_i
                0x08007ce0      0x23c C:/ST/STM32CubeIDE_1.16.0/STM32CubeIDE/plugins/com.st.stm32cube.ide.mcu.externaltools.gnu-tools-for-stm32.13.3.rel1.win32_1.0.0.202411081344/tools/bin/../lib/gcc/arm-none-eabi/13.3.1/../../../../arm-none-eabi/lib/thumb/v7e-m+fp/hard\libc_nano.a(libc_a-nano-vfprintf_i.o)
                0x08007ce0                _printf_i
 .text.memmove  0x08007f1c       0x34 C:/ST/STM32CubeIDE_1.16.0/STM32CubeIDE/plugins/com.st.stm32cube.ide.mcu.externaltools.gnu-tools-for-stm32.13.3.rel1.win32_1.0.0.202411081344/tools/bin/../lib/gcc/arm-none-eabi/13.3.1/../../../../arm-none-eabi/lib/thumb/v7e-m+fp/hard\libc_nano.a(libc_a-memmove.o)
                0x08007f1c                memmove
 .text._sbrk_r  0x08007f50       0x20 C:/ST/STM32CubeIDE_1.16.0/STM32CubeIDE/plugins/com.st.stm32cube.ide.mcu.externaltools.gnu-tools-for-stm32.13.3.rel1.win32_1.0.0.202411081344/tools/bin/../lib/gcc/arm-none-eabi/13.3.1/../../../../arm-none-eabi/lib/thumb/v7e-m+fp/hard\libc_nano.a(libc_a-sbrkr.o)
                0x08007f50                _sbrk_r
 .text.memcpy   0x08007f70       0x1c C:/ST/STM32CubeIDE_1.16.0/STM32CubeIDE/plugins/com.st.stm32cube.ide.mcu.externaltools.gnu-tools-for-stm32.13.3.rel1.win32_1.0.0.202411081344/tools/bin/../lib/gcc/arm-none-eabi/13.3.1/../../../../arm-none-eabi/lib/thumb/v7e-m+fp/hard\libc_nano.a(libc_a-memcpy-stub.o)
                0x08007f70                memcpy
 .text._realloc_r
                0x08007f8c       0x5c C:/ST/STM32CubeIDE_1.16.0/STM32CubeIDE/plugins/com.st.stm32cube.ide.mcu.externaltools.gnu-tools-for-stm32.13.3.rel1.win32_1.0.0.202411081344/tools/bin/../lib/gcc/arm-none-eabi/13.3.1/../../../../arm-none-eabi/lib/thumb/v7e-m+fp/hard\libc_nano.a(libc_a-reallocr.o)
                0x08007f8c                _realloc_r
 .text._malloc_usable_size_r
                0x08007fe8       0x10 C:/ST/STM32CubeIDE_1.16.0/STM32CubeIDE/plugins/com.st.stm32cube.ide.mcu.externaltools.gnu-tools-for-stm32.13.3.rel1.win32_1.0.0.202411081344/tools/bin/../lib/gcc/arm-none-eabi/13.3.1/../../../../arm-none-eabi/lib/thumb/v7e-m+fp/hard\libc_nano.a(libc_a-msizer.o)
                0x08007fe8                _malloc_usable_size_r
 *(.glue_7)
 .glue_7        0x08007ff8        0x0 linker stubs
 *(.glue_7t)
 .glue_7t       0x08007ff8        0x0 linker stubs
 *(.eh_frame)
 .eh_frame      0x08007ff8        0x0 C:/ST/STM32CubeIDE_1.16.0/STM32CubeIDE/plugins/com.st.stm32cube.ide.mcu.externaltools.gnu-tools-for-stm32.13.3.rel1.win32_1.0.0.202411081344/tools/bin/../lib/gcc/arm-none-eabi/13.3.1/thumb/v7e-m+fp/hard/crtbegin.o
 *(.init)
 .init          0x08007ff8        0x4 C:/ST/STM32CubeIDE_1.16.0/STM32CubeIDE/plugins/com.st.stm32cube.ide.mcu.externaltools.gnu-tools-for-stm32.13.3.rel1.win32_1.0.0.202411081344/tools/bin/../lib/gcc/arm-none-eabi/13.3.1/thumb/v7e-m+fp/hard/crti.o
                0x08007ff8                _init
 .init          0x08007ffc        0x8 C:/ST/STM32CubeIDE_1.16.0/STM32CubeIDE/plugins/com.st.stm32cube.ide.mcu.externaltools.gnu-tools-for-stm32.13.3.rel1.win32_1.0.0.202411081344/tools/bin/../lib/gcc/arm-none-eabi/13.3.1/thumb/v7e-m+fp/hard/crtn.o
 *(.fini)
 .fini          0x08008004        0x4 C:/ST/STM32CubeIDE_1.16.0/STM32CubeIDE/plugins/com.st.stm32cube.ide.mcu.externaltools.gnu-tools-for-stm32.13.3.rel1.win32_1.0.0.202411081344/tools/bin/../lib/gcc/arm-none-eabi/13.3.1/thumb/v7e-m+fp/hard/crti.o
                0x08008004                _fini
 .fini          0x08008008        0x8 C:/ST/STM32CubeIDE_1.16.0/STM32CubeIDE/plugins/com.st.stm32cube.ide.mcu.externaltools.gnu-tools-for-stm32.13.3.rel1.win32_1.0.0.202411081344/tools/bin/../lib/gcc/arm-none-eabi/13.3.1/thumb/v7e-m+fp/hard/crtn.o
                0x08008010                        . = ALIGN (0x4)
                0x08008010                        _etext = .

.vfp11_veneer   0x08008010        0x0
 .vfp11_veneer  0x08008010        0x0 linker stubs

.v4_bx          0x08008010        0x0
 .v4_bx         0x08008010        0x0 linker stubs

.iplt           0x08008010        0x0
 .iplt          0x08008010        0x0 C:/ST/STM32CubeIDE_1.16.0/STM32CubeIDE/plugins/com.st.stm32cube.ide.mcu.externaltools.gnu-tools-for-stm32.13.3.rel1.win32_1.0.0.202411081344/tools/bin/../lib/gcc/arm-none-eabi/13.3.1/thumb/v7e-m+fp/hard/crtbegin.o

.rodata         0x08008010     0x127c
                0x08008010                        . = ALIGN (0x4)
 *(.rodata)
 .rodata        0x08008010       0x5e ./Core/Src/ApplicationCode.o
 *(.rodata*)
 *fill*         0x0800806e        0x2 
 .rodata.ASCII16x24_Table
                0x08008070     0x11d0 ./Core/Src/fonts.o
                0x08008070                ASCII16x24_Table
 .rodata.AHBPrescTable
                0x08009240       0x10 ./Core/Src/system_stm32f4xx.o
                0x08009240                AHBPrescTable
 .rodata.APBPrescTable
                0x08009250        0x8 ./Core/Src/system_stm32f4xx.o
                0x08009250                APBPrescTable
 .rodata._svfprintf_r.str1.1
                0x08009258       0x33 C:/ST/STM32CubeIDE_1.16.0/STM32CubeIDE/plugins/com.st.stm32cube.ide.mcu.externaltools.gnu-tools-for-stm32.13.3.rel1.win32_1.0.0.202411081344/tools/bin/../lib/gcc/arm-none-eabi/13.3.1/../../../../arm-none-eabi/lib/thumb/v7e-m+fp/hard\libc_nano.a(libc_a-nano-svfprintf.o)
                                 0x11 (size before relaxing)
 .rodata._printf_i.str1.1
                0x0800928b       0x22 C:/ST/STM32CubeIDE_1.16.0/STM32CubeIDE/plugins/com.st.stm32cube.ide.mcu.externaltools.gnu-tools-for-stm32.13.3.rel1.win32_1.0.0.202411081344/tools/bin/../lib/gcc/arm-none-eabi/13.3.1/../../../../arm-none-eabi/lib/thumb/v7e-m+fp/hard\libc_nano.a(libc_a-nano-vfprintf_i.o)
                0x080092b0                        . = ALIGN (0x4)
 *fill*         0x0800928b        0x1 

.ARM.extab      0x0800928c        0x0
                0x0800928c                        . = ALIGN (0x4)
 *(.ARM.extab* .gnu.linkonce.armextab.*)
                0x0800928c                        . = ALIGN (0x4)

.ARM            0x0800928c        0x8
                0x0800928c                        . = ALIGN (0x4)
                0x0800928c                        __exidx_start = .
 *(.ARM.exidx*)
 .ARM.exidx     0x0800928c        0x8 C:/ST/STM32CubeIDE_1.16.0/STM32CubeIDE/plugins/com.st.stm32cube.ide.mcu.externaltools.gnu-tools-for-stm32.13.3.rel1.win32_1.0.0.202411081344/tools/bin/../lib/gcc/arm-none-eabi/13.3.1/../../../../arm-none-eabi/lib/thumb/v7e-m+fp/hard\libc_nano.a(libc_a-memchr.o)
 .ARM.exidx     0x08009294        0x0 C:/ST/STM32CubeIDE_1.16.0/STM32CubeIDE/plugins/com.st.stm32cube.ide.mcu.externaltools.gnu-tools-for-stm32.13.3.rel1.win32_1.0.0.202411081344/tools/bin/../lib/gcc/arm-none-eabi/13.3.1/thumb/v7e-m+fp/hard\libgcc.a(_udivmoddi4.o)
                                  0x8 (size before relaxing)
                0x08009294                        __exidx_end = .
                0x08009294                        . = ALIGN (0x4)

.preinit_array  0x08009294        0x0
                0x08009294                        . = ALIGN (0x4)
                0x08009294                        PROVIDE (__preinit_array_start = .)
 *(.preinit_array*)
                0x08009294                        PROVIDE (__preinit_array_end = .)
                0x08009294                        . = ALIGN (0x4)

.init_array     0x08009294        0x4
                0x08009294                        . = ALIGN (0x4)
                0x08009294                        PROVIDE (__init_array_start = .)
 *(SORT_BY_NAME(.init_array.*))
 *(.init_array*)
 .init_array    0x08009294        0x4 C:/ST/STM32CubeIDE_1.16.0/STM32CubeIDE/plugins/com.st.stm32cube.ide.mcu.externaltools.gnu-tools-for-stm32.13.3.rel1.win32_1.0.0.202411081344/tools/bin/../lib/gcc/arm-none-eabi/13.3.1/thumb/v7e-m+fp/hard/crtbegin.o
                0x08009298                        PROVIDE (__init_array_end = .)
                0x08009298                        . = ALIGN (0x4)

.fini_array     0x08009298        0x4
                0x08009298                        . = ALIGN (0x4)
                [!provide]                        PROVIDE (__fini_array_start = .)
 *(SORT_BY_NAME(.fini_array.*))
 *(.fini_array*)
 .fini_array    0x08009298        0x4 C:/ST/STM32CubeIDE_1.16.0/STM32CubeIDE/plugins/com.st.stm32cube.ide.mcu.externaltools.gnu-tools-for-stm32.13.3.rel1.win32_1.0.0.202411081344/tools/bin/../lib/gcc/arm-none-eabi/13.3.1/thumb/v7e-m+fp/hard/crtbegin.o
                [!provide]                        PROVIDE (__fini_array_end = .)
                0x0800929c                        . = ALIGN (0x4)
                0x0800929c                        _sidata = LOADADDR (.data)

.rel.dyn        0x0800929c        0x0
 .rel.iplt      0x0800929c        0x0 C:/ST/STM32CubeIDE_1.16.0/STM32CubeIDE/plugins/com.st.stm32cube.ide.mcu.externaltools.gnu-tools-for-stm32.13.3.rel1.win32_1.0.0.202411081344/tools/bin/../lib/gcc/arm-none-eabi/13.3.1/thumb/v7e-m+fp/hard/crtbegin.o

.data           0x20000000       0x84 load address 0x0800929c
                0x20000000                        . = ALIGN (0x4)
                0x20000000                        _sdata = .
 *(.data)
 *(.data*)
 .data.current_location_x
                0x20000000        0x2 ./Core/Src/ApplicationCode.o
 .data.x_mov    0x20000002        0x2 ./Core/Src/ApplicationCode.o
 .data.current_player
                0x20000004        0x2 ./Core/Src/ApplicationCode.o
 *fill*         0x20000006        0x2 
 .data.placed_rows
                0x20000008        0xe ./Core/Src/ApplicationCode.o
 .data.HAL_status
                0x20000016        0x1 ./Core/Src/Gyro.o
 *fill*         0x20000017        0x1 
 .data.CurrentTextColor
                0x20000018        0x2 ./Core/Src/LCD_Driver.o
 *fill*         0x2000001a        0x2 
 .data.Font16x24
                0x2000001c        0x8 ./Core/Src/fonts.o
                0x2000001c                Font16x24
 .data.SpiTimeout
                0x20000024        0x4 ./Core/Src/ili9341.o
                0x20000024                SpiTimeout
 .data.SystemCoreClock
                0x20000028        0x4 ./Core/Src/system_stm32f4xx.o
                0x20000028                SystemCoreClock
 .data.uwTickPrio
                0x2000002c        0x4 ./Drivers/STM32F4xx_HAL_Driver/Src/stm32f4xx_hal.o
                0x2000002c                uwTickPrio
 .data.uwTickFreq
                0x20000030        0x1 ./Drivers/STM32F4xx_HAL_Driver/Src/stm32f4xx_hal.o
                0x20000030                uwTickFreq
 *fill*         0x20000031        0x3 
 .data._impure_ptr
                0x20000034        0x4 C:/ST/STM32CubeIDE_1.16.0/STM32CubeIDE/plugins/com.st.stm32cube.ide.mcu.externaltools.gnu-tools-for-stm32.13.3.rel1.win32_1.0.0.202411081344/tools/bin/../lib/gcc/arm-none-eabi/13.3.1/../../../../arm-none-eabi/lib/thumb/v7e-m+fp/hard\libc_nano.a(libc_a-impure.o)
                0x20000034                _impure_ptr
 .data._impure_data
                0x20000038       0x4c C:/ST/STM32CubeIDE_1.16.0/STM32CubeIDE/plugins/com.st.stm32cube.ide.mcu.externaltools.gnu-tools-for-stm32.13.3.rel1.win32_1.0.0.202411081344/tools/bin/../lib/gcc/arm-none-eabi/13.3.1/../../../../arm-none-eabi/lib/thumb/v7e-m+fp/hard\libc_nano.a(libc_a-impure.o)
                0x20000038                _impure_data
 *(.RamFunc)
 *(.RamFunc*)
                0x20000084                        . = ALIGN (0x4)
                0x20000084                        _edata = .
                0x08009320                        _siccmram = LOADADDR (.ccmram)

.igot.plt       0x20000084        0x0 load address 0x08009320
 .igot.plt      0x20000084        0x0 C:/ST/STM32CubeIDE_1.16.0/STM32CubeIDE/plugins/com.st.stm32cube.ide.mcu.externaltools.gnu-tools-for-stm32.13.3.rel1.win32_1.0.0.202411081344/tools/bin/../lib/gcc/arm-none-eabi/13.3.1/thumb/v7e-m+fp/hard/crtbegin.o

.ccmram         0x10000000        0x0 load address 0x08009320
                0x10000000                        . = ALIGN (0x4)
                0x10000000                        _sccmram = .
 *(.ccmram)
 *(.ccmram*)
                0x10000000                        . = ALIGN (0x4)
                0x10000000                        _eccmram = .
                0x10000000                        . = ALIGN (0x4)

.bss            0x20000084    0x25d60
                0x20000084                        _sbss = .
                0x20000084                        __bss_start__ = _sbss
 *(.bss)
 .bss           0x20000084       0x1c C:/ST/STM32CubeIDE_1.16.0/STM32CubeIDE/plugins/com.st.stm32cube.ide.mcu.externaltools.gnu-tools-for-stm32.13.3.rel1.win32_1.0.0.202411081344/tools/bin/../lib/gcc/arm-none-eabi/13.3.1/thumb/v7e-m+fp/hard/crtbegin.o
 *(.bss*)
 .bss.StaticTouchData
                0x200000a0        0x8 ./Core/Src/ApplicationCode.o
 .bss.board     0x200000a8       0x2a ./Core/Src/ApplicationCode.o
 *fill*         0x200000d2        0x2 
 .bss.events_to_run
                0x200000d4        0x4 ./Core/Src/ApplicationCode.o
 .bss.gameplay  0x200000d8        0x1 ./Core/Src/ApplicationCode.o
 .bss.red_wins  0x200000d9        0x1 ./Core/Src/ApplicationCode.o
 .bss.blue_wins
                0x200000da        0x1 ./Core/Src/ApplicationCode.o
 *fill*         0x200000db        0x1 
 .bss.start_time
                0x200000dc        0x4 ./Core/Src/ApplicationCode.o
 .bss.col       0x200000e0        0x2 ./Core/Src/ApplicationCode.o
 .bss.row       0x200000e2        0x2 ./Core/Src/ApplicationCode.o
 .bss.drop_y    0x200000e4        0x2 ./Core/Src/ApplicationCode.o
 .bss.winner    0x200000e6        0x1 ./Core/Src/ApplicationCode.o
 *fill*         0x200000e7        0x1 
 .bss.button_interrupt
                0x200000e8       0x14 ./Core/Src/Button_Driver.o
                0x200000e8                button_interrupt
 .bss.HSPI      0x200000fc       0x58 ./Core/Src/Gyro.o
 .bss.hltdc     0x20000154       0xa8 ./Core/Src/LCD_Driver.o
 .bss.PeriphClkInitStruct
                0x200001fc       0x30 ./Core/Src/LCD_Driver.o
 .bss.LCD_Currentfonts
                0x2000022c        0x4 ./Core/Src/LCD_Driver.o
 .bss.frameBuffer
                0x20000230    0x25800 ./Core/Src/LCD_Driver.o
                0x20000230                frameBuffer
 .bss.scheduledEvents
                0x20025a30        0x4 ./Core/Src/Scheduler.o
 .bss.SpiHandle
                0x20025a34       0x58 ./Core/Src/ili9341.o
 .bss.Is_LCD_IO_Initialized
                0x20025a8c        0x1 ./Core/Src/ili9341.o
 *fill*         0x20025a8d        0x3 
 .bss.hi2c3     0x20025a90       0x54 ./Core/Src/main.o
                0x20025a90                hi2c3
 .bss.hltdc     0x20025ae4       0xa8 ./Core/Src/main.o
                0x20025ae4                hltdc
 .bss.hrng      0x20025b8c       0x10 ./Core/Src/main.o
                0x20025b8c                hrng
 .bss.hspi5     0x20025b9c       0x58 ./Core/Src/main.o
                0x20025b9c                hspi5
 .bss.htim2     0x20025bf4       0x48 ./Core/Src/main.o
                0x20025bf4                htim2
 .bss.hI2C3     0x20025c3c       0x54 ./Core/Src/stmpe811.o
 .bss.HAL_status
                0x20025c90        0x1 ./Core/Src/stmpe811.o
 *fill*         0x20025c91        0x3 
 .bss.__sbrk_heap_end
                0x20025c94        0x4 ./Core/Src/sysmem.o
 .bss.uwTick    0x20025c98        0x4 ./Drivers/STM32F4xx_HAL_Driver/Src/stm32f4xx_hal.o
                0x20025c98                uwTick
 .bss.__sf      0x20025c9c      0x138 C:/ST/STM32CubeIDE_1.16.0/STM32CubeIDE/plugins/com.st.stm32cube.ide.mcu.externaltools.gnu-tools-for-stm32.13.3.rel1.win32_1.0.0.202411081344/tools/bin/../lib/gcc/arm-none-eabi/13.3.1/../../../../arm-none-eabi/lib/thumb/v7e-m+fp/hard\libc_nano.a(libc_a-findfp.o)
                0x20025c9c                __sf
 .bss.errno     0x20025dd4        0x4 C:/ST/STM32CubeIDE_1.16.0/STM32CubeIDE/plugins/com.st.stm32cube.ide.mcu.externaltools.gnu-tools-for-stm32.13.3.rel1.win32_1.0.0.202411081344/tools/bin/../lib/gcc/arm-none-eabi/13.3.1/../../../../arm-none-eabi/lib/thumb/v7e-m+fp/hard\libc_nano.a(libc_a-reent.o)
                0x20025dd4                errno
 .bss.__lock___malloc_recursive_mutex
                0x20025dd8        0x1 C:/ST/STM32CubeIDE_1.16.0/STM32CubeIDE/plugins/com.st.stm32cube.ide.mcu.externaltools.gnu-tools-for-stm32.13.3.rel1.win32_1.0.0.202411081344/tools/bin/../lib/gcc/arm-none-eabi/13.3.1/../../../../arm-none-eabi/lib/thumb/v7e-m+fp/hard\libc_nano.a(libc_a-lock.o)
                0x20025dd8                __lock___malloc_recursive_mutex
 *fill*         0x20025dd9        0x3 
 .bss.__malloc_sbrk_start
                0x20025ddc        0x4 C:/ST/STM32CubeIDE_1.16.0/STM32CubeIDE/plugins/com.st.stm32cube.ide.mcu.externaltools.gnu-tools-for-stm32.13.3.rel1.win32_1.0.0.202411081344/tools/bin/../lib/gcc/arm-none-eabi/13.3.1/../../../../arm-none-eabi/lib/thumb/v7e-m+fp/hard\libc_nano.a(libc_a-mallocr.o)
                0x20025ddc                __malloc_sbrk_start
 .bss.__malloc_free_list
                0x20025de0        0x4 C:/ST/STM32CubeIDE_1.16.0/STM32CubeIDE/plugins/com.st.stm32cube.ide.mcu.externaltools.gnu-tools-for-stm32.13.3.rel1.win32_1.0.0.202411081344/tools/bin/../lib/gcc/arm-none-eabi/13.3.1/../../../../arm-none-eabi/lib/thumb/v7e-m+fp/hard\libc_nano.a(libc_a-mallocr.o)
                0x20025de0                __malloc_free_list
 *(COMMON)
                0x20025de4                        . = ALIGN (0x4)
                0x20025de4                        _ebss = .
                0x20025de4                        __bss_end__ = _ebss

._user_heap_stack
                0x20025de4      0x604
                0x20025de8                        . = ALIGN (0x8)
 *fill*         0x20025de4        0x4 
                [!provide]                        PROVIDE (end = .)
                0x20025de8                        PROVIDE (_end = .)
                0x20025fe8                        . = (. + _Min_Heap_Size)
 *fill*         0x20025de8      0x200 
                0x200263e8                        . = (. + _Min_Stack_Size)
 *fill*         0x20025fe8      0x400 
                0x200263e8                        . = ALIGN (0x8)

/DISCARD/
 libc.a(*)
 libm.a(*)
 libgcc.a(*)

.ARM.attributes
                0x00000000       0x30
 *(.ARM.attributes)
 .ARM.attributes
                0x00000000       0x22 C:/ST/STM32CubeIDE_1.16.0/STM32CubeIDE/plugins/com.st.stm32cube.ide.mcu.externaltools.gnu-tools-for-stm32.13.3.rel1.win32_1.0.0.202411081344/tools/bin/../lib/gcc/arm-none-eabi/13.3.1/thumb/v7e-m+fp/hard/crti.o
 .ARM.attributes
                0x00000022       0x34 C:/ST/STM32CubeIDE_1.16.0/STM32CubeIDE/plugins/com.st.stm32cube.ide.mcu.externaltools.gnu-tools-for-stm32.13.3.rel1.win32_1.0.0.202411081344/tools/bin/../lib/gcc/arm-none-eabi/13.3.1/thumb/v7e-m+fp/hard/crtbegin.o
 .ARM.attributes
                0x00000056       0x34 ./Core/Src/ApplicationCode.o
 .ARM.attributes
                0x0000008a       0x34 ./Core/Src/Button_Driver.o
 .ARM.attributes
                0x000000be       0x34 ./Core/Src/Gyro.o
 .ARM.attributes
                0x000000f2       0x34 ./Core/Src/InterruptControl.o
 .ARM.attributes
                0x00000126       0x34 ./Core/Src/LCD_Driver.o
 .ARM.attributes
                0x0000015a       0x34 ./Core/Src/Scheduler.o
 .ARM.attributes
                0x0000018e       0x34 ./Core/Src/fonts.o
 .ARM.attributes
                0x000001c2       0x34 ./Core/Src/ili9341.o
 .ARM.attributes
                0x000001f6       0x34 ./Core/Src/main.o
 .ARM.attributes
                0x0000022a       0x34 ./Core/Src/stm32f4xx_hal_msp.o
 .ARM.attributes
                0x0000025e       0x34 ./Core/Src/stm32f4xx_it.o
 .ARM.attributes
                0x00000292       0x34 ./Core/Src/stmpe811.o
 .ARM.attributes
                0x000002c6       0x34 ./Core/Src/syscalls.o
 .ARM.attributes
                0x000002fa       0x34 ./Core/Src/sysmem.o
 .ARM.attributes
                0x0000032e       0x34 ./Core/Src/system_stm32f4xx.o
 .ARM.attributes
                0x00000362       0x21 ./Core/Startup/startup_stm32f429zitx.o
 .ARM.attributes
                0x00000383       0x34 ./Drivers/STM32F4xx_HAL_Driver/Src/stm32f4xx_hal.o
 .ARM.attributes
                0x000003b7       0x34 ./Drivers/STM32F4xx_HAL_Driver/Src/stm32f4xx_hal_cortex.o
 .ARM.attributes
                0x000003eb       0x34 ./Drivers/STM32F4xx_HAL_Driver/Src/stm32f4xx_hal_gpio.o
 .ARM.attributes
                0x0000041f       0x34 ./Drivers/STM32F4xx_HAL_Driver/Src/stm32f4xx_hal_i2c.o
 .ARM.attributes
                0x00000453       0x34 ./Drivers/STM32F4xx_HAL_Driver/Src/stm32f4xx_hal_i2c_ex.o
 .ARM.attributes
                0x00000487       0x34 ./Drivers/STM32F4xx_HAL_Driver/Src/stm32f4xx_hal_ltdc.o
 .ARM.attributes
                0x000004bb       0x34 ./Drivers/STM32F4xx_HAL_Driver/Src/stm32f4xx_hal_rcc.o
 .ARM.attributes
                0x000004ef       0x34 ./Drivers/STM32F4xx_HAL_Driver/Src/stm32f4xx_hal_rcc_ex.o
 .ARM.attributes
                0x00000523       0x34 ./Drivers/STM32F4xx_HAL_Driver/Src/stm32f4xx_hal_rng.o
 .ARM.attributes
                0x00000557       0x34 ./Drivers/STM32F4xx_HAL_Driver/Src/stm32f4xx_hal_spi.o
 .ARM.attributes
                0x0000058b       0x34 ./Drivers/STM32F4xx_HAL_Driver/Src/stm32f4xx_hal_tim.o
 .ARM.attributes
                0x000005bf       0x34 ./Drivers/STM32F4xx_HAL_Driver/Src/stm32f4xx_hal_tim_ex.o
 .ARM.attributes
                0x000005f3       0x34 C:/ST/STM32CubeIDE_1.16.0/STM32CubeIDE/plugins/com.st.stm32cube.ide.mcu.externaltools.gnu-tools-for-stm32.13.3.rel1.win32_1.0.0.202411081344/tools/bin/../lib/gcc/arm-none-eabi/13.3.1/../../../../arm-none-eabi/lib/thumb/v7e-m+fp/hard\libc_nano.a(libc_a-findfp.o)
 .ARM.attributes
                0x00000627       0x34 C:/ST/STM32CubeIDE_1.16.0/STM32CubeIDE/plugins/com.st.stm32cube.ide.mcu.externaltools.gnu-tools-for-stm32.13.3.rel1.win32_1.0.0.202411081344/tools/bin/../lib/gcc/arm-none-eabi/13.3.1/../../../../arm-none-eabi/lib/thumb/v7e-m+fp/hard\libc_nano.a(libc_a-sprintf.o)
 .ARM.attributes
                0x0000065b       0x34 C:/ST/STM32CubeIDE_1.16.0/STM32CubeIDE/plugins/com.st.stm32cube.ide.mcu.externaltools.gnu-tools-for-stm32.13.3.rel1.win32_1.0.0.202411081344/tools/bin/../lib/gcc/arm-none-eabi/13.3.1/../../../../arm-none-eabi/lib/thumb/v7e-m+fp/hard\libc_nano.a(libc_a-memset.o)
 .ARM.attributes
                0x0000068f       0x34 C:/ST/STM32CubeIDE_1.16.0/STM32CubeIDE/plugins/com.st.stm32cube.ide.mcu.externaltools.gnu-tools-for-stm32.13.3.rel1.win32_1.0.0.202411081344/tools/bin/../lib/gcc/arm-none-eabi/13.3.1/../../../../arm-none-eabi/lib/thumb/v7e-m+fp/hard\libc_nano.a(libc_a-reent.o)
 .ARM.attributes
                0x000006c3       0x34 C:/ST/STM32CubeIDE_1.16.0/STM32CubeIDE/plugins/com.st.stm32cube.ide.mcu.externaltools.gnu-tools-for-stm32.13.3.rel1.win32_1.0.0.202411081344/tools/bin/../lib/gcc/arm-none-eabi/13.3.1/../../../../arm-none-eabi/lib/thumb/v7e-m+fp/hard\libc_nano.a(libc_a-impure.o)
 .ARM.attributes
                0x000006f7       0x34 C:/ST/STM32CubeIDE_1.16.0/STM32CubeIDE/plugins/com.st.stm32cube.ide.mcu.externaltools.gnu-tools-for-stm32.13.3.rel1.win32_1.0.0.202411081344/tools/bin/../lib/gcc/arm-none-eabi/13.3.1/../../../../arm-none-eabi/lib/thumb/v7e-m+fp/hard\libc_nano.a(libc_a-errno.o)
 .ARM.attributes
                0x0000072b       0x34 C:/ST/STM32CubeIDE_1.16.0/STM32CubeIDE/plugins/com.st.stm32cube.ide.mcu.externaltools.gnu-tools-for-stm32.13.3.rel1.win32_1.0.0.202411081344/tools/bin/../lib/gcc/arm-none-eabi/13.3.1/../../../../arm-none-eabi/lib/thumb/v7e-m+fp/hard\libc_nano.a(libc_a-init.o)
 .ARM.attributes
                0x0000075f       0x34 C:/ST/STM32CubeIDE_1.16.0/STM32CubeIDE/plugins/com.st.stm32cube.ide.mcu.externaltools.gnu-tools-for-stm32.13.3.rel1.win32_1.0.0.202411081344/tools/bin/../lib/gcc/arm-none-eabi/13.3.1/../../../../arm-none-eabi/lib/thumb/v7e-m+fp/hard\libc_nano.a(libc_a-lock.o)
 .ARM.attributes
                0x00000793       0x34 C:/ST/STM32CubeIDE_1.16.0/STM32CubeIDE/plugins/com.st.stm32cube.ide.mcu.externaltools.gnu-tools-for-stm32.13.3.rel1.win32_1.0.0.202411081344/tools/bin/../lib/gcc/arm-none-eabi/13.3.1/../../../../arm-none-eabi/lib/thumb/v7e-m+fp/hard\libc_nano.a(libc_a-freer.o)
 .ARM.attributes
                0x000007c7       0x34 C:/ST/STM32CubeIDE_1.16.0/STM32CubeIDE/plugins/com.st.stm32cube.ide.mcu.externaltools.gnu-tools-for-stm32.13.3.rel1.win32_1.0.0.202411081344/tools/bin/../lib/gcc/arm-none-eabi/13.3.1/../../../../arm-none-eabi/lib/thumb/v7e-m+fp/hard\libc_nano.a(libc_a-mallocr.o)
 .ARM.attributes
                0x000007fb       0x34 C:/ST/STM32CubeIDE_1.16.0/STM32CubeIDE/plugins/com.st.stm32cube.ide.mcu.externaltools.gnu-tools-for-stm32.13.3.rel1.win32_1.0.0.202411081344/tools/bin/../lib/gcc/arm-none-eabi/13.3.1/../../../../arm-none-eabi/lib/thumb/v7e-m+fp/hard\libc_nano.a(libc_a-mlock.o)
 .ARM.attributes
                0x0000082f       0x34 C:/ST/STM32CubeIDE_1.16.0/STM32CubeIDE/plugins/com.st.stm32cube.ide.mcu.externaltools.gnu-tools-for-stm32.13.3.rel1.win32_1.0.0.202411081344/tools/bin/../lib/gcc/arm-none-eabi/13.3.1/../../../../arm-none-eabi/lib/thumb/v7e-m+fp/hard\libc_nano.a(libc_a-nano-svfprintf.o)
 .ARM.attributes
                0x00000863       0x34 C:/ST/STM32CubeIDE_1.16.0/STM32CubeIDE/plugins/com.st.stm32cube.ide.mcu.externaltools.gnu-tools-for-stm32.13.3.rel1.win32_1.0.0.202411081344/tools/bin/../lib/gcc/arm-none-eabi/13.3.1/../../../../arm-none-eabi/lib/thumb/v7e-m+fp/hard\libc_nano.a(libc_a-nano-vfprintf_i.o)
 .ARM.attributes
                0x00000897       0x34 C:/ST/STM32CubeIDE_1.16.0/STM32CubeIDE/plugins/com.st.stm32cube.ide.mcu.externaltools.gnu-tools-for-stm32.13.3.rel1.win32_1.0.0.202411081344/tools/bin/../lib/gcc/arm-none-eabi/13.3.1/../../../../arm-none-eabi/lib/thumb/v7e-m+fp/hard\libc_nano.a(libc_a-memmove.o)
 .ARM.attributes
                0x000008cb       0x34 C:/ST/STM32CubeIDE_1.16.0/STM32CubeIDE/plugins/com.st.stm32cube.ide.mcu.externaltools.gnu-tools-for-stm32.13.3.rel1.win32_1.0.0.202411081344/tools/bin/../lib/gcc/arm-none-eabi/13.3.1/../../../../arm-none-eabi/lib/thumb/v7e-m+fp/hard\libc_nano.a(libc_a-sbrkr.o)
 .ARM.attributes
                0x000008ff       0x1c C:/ST/STM32CubeIDE_1.16.0/STM32CubeIDE/plugins/com.st.stm32cube.ide.mcu.externaltools.gnu-tools-for-stm32.13.3.rel1.win32_1.0.0.202411081344/tools/bin/../lib/gcc/arm-none-eabi/13.3.1/../../../../arm-none-eabi/lib/thumb/v7e-m+fp/hard\libc_nano.a(libc_a-memchr.o)
 .ARM.attributes
                0x0000091b       0x34 C:/ST/STM32CubeIDE_1.16.0/STM32CubeIDE/plugins/com.st.stm32cube.ide.mcu.externaltools.gnu-tools-for-stm32.13.3.rel1.win32_1.0.0.202411081344/tools/bin/../lib/gcc/arm-none-eabi/13.3.1/../../../../arm-none-eabi/lib/thumb/v7e-m+fp/hard\libc_nano.a(libc_a-memcpy-stub.o)
 .ARM.attributes
                0x0000094f       0x34 C:/ST/STM32CubeIDE_1.16.0/STM32CubeIDE/plugins/com.st.stm32cube.ide.mcu.externaltools.gnu-tools-for-stm32.13.3.rel1.win32_1.0.0.202411081344/tools/bin/../lib/gcc/arm-none-eabi/13.3.1/../../../../arm-none-eabi/lib/thumb/v7e-m+fp/hard\libc_nano.a(libc_a-reallocr.o)
 .ARM.attributes
                0x00000983       0x34 C:/ST/STM32CubeIDE_1.16.0/STM32CubeIDE/plugins/com.st.stm32cube.ide.mcu.externaltools.gnu-tools-for-stm32.13.3.rel1.win32_1.0.0.202411081344/tools/bin/../lib/gcc/arm-none-eabi/13.3.1/../../../../arm-none-eabi/lib/thumb/v7e-m+fp/hard\libc_nano.a(libc_a-msizer.o)
 .ARM.attributes
                0x000009b7       0x22 C:/ST/STM32CubeIDE_1.16.0/STM32CubeIDE/plugins/com.st.stm32cube.ide.mcu.externaltools.gnu-tools-for-stm32.13.3.rel1.win32_1.0.0.202411081344/tools/bin/../lib/gcc/arm-none-eabi/13.3.1/thumb/v7e-m+fp/hard\libgcc.a(_aeabi_uldivmod.o)
 .ARM.attributes
                0x000009d9       0x34 C:/ST/STM32CubeIDE_1.16.0/STM32CubeIDE/plugins/com.st.stm32cube.ide.mcu.externaltools.gnu-tools-for-stm32.13.3.rel1.win32_1.0.0.202411081344/tools/bin/../lib/gcc/arm-none-eabi/13.3.1/thumb/v7e-m+fp/hard\libgcc.a(_udivmoddi4.o)
 .ARM.attributes
                0x00000a0d       0x22 C:/ST/STM32CubeIDE_1.16.0/STM32CubeIDE/plugins/com.st.stm32cube.ide.mcu.externaltools.gnu-tools-for-stm32.13.3.rel1.win32_1.0.0.202411081344/tools/bin/../lib/gcc/arm-none-eabi/13.3.1/thumb/v7e-m+fp/hard\libgcc.a(_dvmd_tls.o)
 .ARM.attributes
                0x00000a2f       0x22 C:/ST/STM32CubeIDE_1.16.0/STM32CubeIDE/plugins/com.st.stm32cube.ide.mcu.externaltools.gnu-tools-for-stm32.13.3.rel1.win32_1.0.0.202411081344/tools/bin/../lib/gcc/arm-none-eabi/13.3.1/thumb/v7e-m+fp/hard/crtn.o
OUTPUT(ECEN2370_StarterCode_SP25.elf elf32-littlearm)
LOAD linker stubs
LOAD C:/ST/STM32CubeIDE_1.16.0/STM32CubeIDE/plugins/com.st.stm32cube.ide.mcu.externaltools.gnu-tools-for-stm32.13.3.rel1.win32_1.0.0.202411081344/tools/bin/../lib/gcc/arm-none-eabi/13.3.1/../../../../arm-none-eabi/lib/thumb/v7e-m+fp/hard\libc.a
LOAD C:/ST/STM32CubeIDE_1.16.0/STM32CubeIDE/plugins/com.st.stm32cube.ide.mcu.externaltools.gnu-tools-for-stm32.13.3.rel1.win32_1.0.0.202411081344/tools/bin/../lib/gcc/arm-none-eabi/13.3.1/../../../../arm-none-eabi/lib/thumb/v7e-m+fp/hard\libm.a
LOAD C:/ST/STM32CubeIDE_1.16.0/STM32CubeIDE/plugins/com.st.stm32cube.ide.mcu.externaltools.gnu-tools-for-stm32.13.3.rel1.win32_1.0.0.202411081344/tools/bin/../lib/gcc/arm-none-eabi/13.3.1/thumb/v7e-m+fp/hard\libgcc.a

.debug_info     0x00000000    0x14a7d
 .debug_info    0x00000000      0xb7b ./Core/Src/ApplicationCode.o
 .debug_info    0x00000b7b      0x6ae ./Core/Src/Button_Driver.o
 .debug_info    0x00001229      0x987 ./Core/Src/Gyro.o
 .debug_info    0x00001bb0      0x1b9 ./Core/Src/InterruptControl.o
 .debug_info    0x00001d69     0x101e ./Core/Src/LCD_Driver.o
 .debug_info    0x00002d87       0xf7 ./Core/Src/Scheduler.o
 .debug_info    0x00002e7e      0x145 ./Core/Src/fonts.o
 .debug_info    0x00002fc3      0xc85 ./Core/Src/ili9341.o
 .debug_info    0x00003c48     0x1937 ./Core/Src/main.o
 .debug_info    0x0000557f     0x17bd ./Core/Src/stm32f4xx_hal_msp.o
 .debug_info    0x00006d3c      0x1b3 ./Core/Src/stm32f4xx_it.o
 .debug_info    0x00006eef      0xdd6 ./Core/Src/stmpe811.o
 .debug_info    0x00007cc5      0x6a3 ./Core/Src/syscalls.o
 .debug_info    0x00008368      0x168 ./Core/Src/sysmem.o
 .debug_info    0x000084d0      0x52e ./Core/Src/system_stm32f4xx.o
 .debug_info    0x000089fe       0x30 ./Core/Startup/startup_stm32f429zitx.o
 .debug_info    0x00008a2e      0x9ba ./Drivers/STM32F4xx_HAL_Driver/Src/stm32f4xx_hal.o
 .debug_info    0x000093e8      0xdc2 ./Drivers/STM32F4xx_HAL_Driver/Src/stm32f4xx_hal_cortex.o
 .debug_info    0x0000a1aa      0x6db ./Drivers/STM32F4xx_HAL_Driver/Src/stm32f4xx_hal_gpio.o
 .debug_info    0x0000a885     0x2421 ./Drivers/STM32F4xx_HAL_Driver/Src/stm32f4xx_hal_i2c.o
 .debug_info    0x0000cca6      0x672 ./Drivers/STM32F4xx_HAL_Driver/Src/stm32f4xx_hal_i2c_ex.o
 .debug_info    0x0000d318     0x1022 ./Drivers/STM32F4xx_HAL_Driver/Src/stm32f4xx_hal_ltdc.o
 .debug_info    0x0000e33a      0x8c7 ./Drivers/STM32F4xx_HAL_Driver/Src/stm32f4xx_hal_rcc.o
 .debug_info    0x0000ec01      0x64c ./Drivers/STM32F4xx_HAL_Driver/Src/stm32f4xx_hal_rcc_ex.o
 .debug_info    0x0000f24d      0x493 ./Drivers/STM32F4xx_HAL_Driver/Src/stm32f4xx_hal_rng.o
 .debug_info    0x0000f6e0     0x1525 ./Drivers/STM32F4xx_HAL_Driver/Src/stm32f4xx_hal_spi.o
 .debug_info    0x00010c05     0x299d ./Drivers/STM32F4xx_HAL_Driver/Src/stm32f4xx_hal_tim.o
 .debug_info    0x000135a2     0x14db ./Drivers/STM32F4xx_HAL_Driver/Src/stm32f4xx_hal_tim_ex.o

.debug_abbrev   0x00000000     0x369e
 .debug_abbrev  0x00000000      0x2e0 ./Core/Src/ApplicationCode.o
 .debug_abbrev  0x000002e0      0x1f3 ./Core/Src/Button_Driver.o
 .debug_abbrev  0x000004d3      0x25f ./Core/Src/Gyro.o
 .debug_abbrev  0x00000732       0xce ./Core/Src/InterruptControl.o
 .debug_abbrev  0x00000800      0x32a ./Core/Src/LCD_Driver.o
 .debug_abbrev  0x00000b2a       0xad ./Core/Src/Scheduler.o
 .debug_abbrev  0x00000bd7       0xc6 ./Core/Src/fonts.o
 .debug_abbrev  0x00000c9d      0x2c9 ./Core/Src/ili9341.o
 .debug_abbrev  0x00000f66      0x2e6 ./Core/Src/main.o
 .debug_abbrev  0x0000124c      0x25c ./Core/Src/stm32f4xx_hal_msp.o
 .debug_abbrev  0x000014a8       0xa1 ./Core/Src/stm32f4xx_it.o
 .debug_abbrev  0x00001549      0x2c9 ./Core/Src/stmpe811.o
 .debug_abbrev  0x00001812      0x1b6 ./Core/Src/syscalls.o
 .debug_abbrev  0x000019c8       0xbc ./Core/Src/sysmem.o
 .debug_abbrev  0x00001a84      0x11a ./Core/Src/system_stm32f4xx.o
 .debug_abbrev  0x00001b9e       0x24 ./Core/Startup/startup_stm32f429zitx.o
 .debug_abbrev  0x00001bc2      0x214 ./Drivers/STM32F4xx_HAL_Driver/Src/stm32f4xx_hal.o
 .debug_abbrev  0x00001dd6      0x31d ./Drivers/STM32F4xx_HAL_Driver/Src/stm32f4xx_hal_cortex.o
 .debug_abbrev  0x000020f3      0x1d4 ./Drivers/STM32F4xx_HAL_Driver/Src/stm32f4xx_hal_gpio.o
 .debug_abbrev  0x000022c7      0x2ad ./Drivers/STM32F4xx_HAL_Driver/Src/stm32f4xx_hal_i2c.o
 .debug_abbrev  0x00002574      0x157 ./Drivers/STM32F4xx_HAL_Driver/Src/stm32f4xx_hal_i2c_ex.o
 .debug_abbrev  0x000026cb      0x233 ./Drivers/STM32F4xx_HAL_Driver/Src/stm32f4xx_hal_ltdc.o
 .debug_abbrev  0x000028fe      0x2b7 ./Drivers/STM32F4xx_HAL_Driver/Src/stm32f4xx_hal_rcc.o
 .debug_abbrev  0x00002bb5      0x1b0 ./Drivers/STM32F4xx_HAL_Driver/Src/stm32f4xx_hal_rcc_ex.o
 .debug_abbrev  0x00002d65      0x1c4 ./Drivers/STM32F4xx_HAL_Driver/Src/stm32f4xx_hal_rng.o
 .debug_abbrev  0x00002f29      0x27a ./Drivers/STM32F4xx_HAL_Driver/Src/stm32f4xx_hal_spi.o
 .debug_abbrev  0x000031a3      0x278 ./Drivers/STM32F4xx_HAL_Driver/Src/stm32f4xx_hal_tim.o
 .debug_abbrev  0x0000341b      0x283 ./Drivers/STM32F4xx_HAL_Driver/Src/stm32f4xx_hal_tim_ex.o

.debug_aranges  0x00000000     0x1520
 .debug_aranges
                0x00000000       0xa8 ./Core/Src/ApplicationCode.o
 .debug_aranges
                0x000000a8       0x40 ./Core/Src/Button_Driver.o
 .debug_aranges
                0x000000e8       0x68 ./Core/Src/Gyro.o
 .debug_aranges
                0x00000150       0x40 ./Core/Src/InterruptControl.o
 .debug_aranges
                0x00000190       0xb8 ./Core/Src/LCD_Driver.o
 .debug_aranges
                0x00000248       0x30 ./Core/Src/Scheduler.o
 .debug_aranges
                0x00000278       0x18 ./Core/Src/fonts.o
 .debug_aranges
                0x00000290       0x98 ./Core/Src/ili9341.o
 .debug_aranges
                0x00000328       0x60 ./Core/Src/main.o
 .debug_aranges
                0x00000388       0x70 ./Core/Src/stm32f4xx_hal_msp.o
 .debug_aranges
                0x000003f8       0x68 ./Core/Src/stm32f4xx_it.o
 .debug_aranges
                0x00000460       0x88 ./Core/Src/stmpe811.o
 .debug_aranges
                0x000004e8       0xa8 ./Core/Src/syscalls.o
 .debug_aranges
                0x00000590       0x20 ./Core/Src/sysmem.o
 .debug_aranges
                0x000005b0       0x28 ./Core/Src/system_stm32f4xx.o
 .debug_aranges
                0x000005d8       0x28 ./Core/Startup/startup_stm32f429zitx.o
 .debug_aranges
                0x00000600      0x100 ./Drivers/STM32F4xx_HAL_Driver/Src/stm32f4xx_hal.o
 .debug_aranges
                0x00000700      0x130 ./Drivers/STM32F4xx_HAL_Driver/Src/stm32f4xx_hal_cortex.o
 .debug_aranges
                0x00000830       0x58 ./Drivers/STM32F4xx_HAL_Driver/Src/stm32f4xx_hal_gpio.o
 .debug_aranges
                0x00000888      0x2a8 ./Drivers/STM32F4xx_HAL_Driver/Src/stm32f4xx_hal_i2c.o
 .debug_aranges
                0x00000b30       0x28 ./Drivers/STM32F4xx_HAL_Driver/Src/stm32f4xx_hal_i2c_ex.o
 .debug_aranges
                0x00000b58      0x158 ./Drivers/STM32F4xx_HAL_Driver/Src/stm32f4xx_hal_ltdc.o
 .debug_aranges
                0x00000cb0       0x88 ./Drivers/STM32F4xx_HAL_Driver/Src/stm32f4xx_hal_rcc.o
 .debug_aranges
                0x00000d38       0x58 ./Drivers/STM32F4xx_HAL_Driver/Src/stm32f4xx_hal_rcc_ex.o
 .debug_aranges
                0x00000d90       0x88 ./Drivers/STM32F4xx_HAL_Driver/Src/stm32f4xx_hal_rng.o
 .debug_aranges
                0x00000e18      0x1d0 ./Drivers/STM32F4xx_HAL_Driver/Src/stm32f4xx_hal_spi.o
 .debug_aranges
                0x00000fe8      0x3d0 ./Drivers/STM32F4xx_HAL_Driver/Src/stm32f4xx_hal_tim.o
 .debug_aranges
                0x000013b8      0x168 ./Drivers/STM32F4xx_HAL_Driver/Src/stm32f4xx_hal_tim_ex.o

.debug_rnglists
                0x00000000     0x103a
 .debug_rnglists
                0x00000000       0x84 ./Core/Src/ApplicationCode.o
 .debug_rnglists
                0x00000084       0x2b ./Core/Src/Button_Driver.o
 .debug_rnglists
                0x000000af       0x4a ./Core/Src/Gyro.o
 .debug_rnglists
                0x000000f9       0x2b ./Core/Src/InterruptControl.o
 .debug_rnglists
                0x00000124       0x8b ./Core/Src/LCD_Driver.o
 .debug_rnglists
                0x000001af       0x1f ./Core/Src/Scheduler.o
 .debug_rnglists
                0x000001ce       0x6f ./Core/Src/ili9341.o
 .debug_rnglists
                0x0000023d       0x48 ./Core/Src/main.o
 .debug_rnglists
                0x00000285       0x53 ./Core/Src/stm32f4xx_hal_msp.o
 .debug_rnglists
                0x000002d8       0x49 ./Core/Src/stm32f4xx_it.o
 .debug_rnglists
                0x00000321       0x67 ./Core/Src/stmpe811.o
 .debug_rnglists
                0x00000388       0x79 ./Core/Src/syscalls.o
 .debug_rnglists
                0x00000401       0x13 ./Core/Src/sysmem.o
 .debug_rnglists
                0x00000414       0x1a ./Core/Src/system_stm32f4xx.o
 .debug_rnglists
                0x0000042e       0x19 ./Core/Startup/startup_stm32f429zitx.o
 .debug_rnglists
                0x00000447       0xbb ./Drivers/STM32F4xx_HAL_Driver/Src/stm32f4xx_hal.o
 .debug_rnglists
                0x00000502       0xe0 ./Drivers/STM32F4xx_HAL_Driver/Src/stm32f4xx_hal_cortex.o
 .debug_rnglists
                0x000005e2       0x3f ./Drivers/STM32F4xx_HAL_Driver/Src/stm32f4xx_hal_gpio.o
 .debug_rnglists
                0x00000621      0x23c ./Drivers/STM32F4xx_HAL_Driver/Src/stm32f4xx_hal_i2c.o
 .debug_rnglists
                0x0000085d       0x19 ./Drivers/STM32F4xx_HAL_Driver/Src/stm32f4xx_hal_i2c_ex.o
 .debug_rnglists
                0x00000876      0x10a ./Drivers/STM32F4xx_HAL_Driver/Src/stm32f4xx_hal_ltdc.o
 .debug_rnglists
                0x00000980       0x66 ./Drivers/STM32F4xx_HAL_Driver/Src/stm32f4xx_hal_rcc.o
 .debug_rnglists
                0x000009e6       0x43 ./Drivers/STM32F4xx_HAL_Driver/Src/stm32f4xx_hal_rcc_ex.o
 .debug_rnglists
                0x00000a29       0x63 ./Drivers/STM32F4xx_HAL_Driver/Src/stm32f4xx_hal_rng.o
 .debug_rnglists
                0x00000a8c      0x16f ./Drivers/STM32F4xx_HAL_Driver/Src/stm32f4xx_hal_spi.o
 .debug_rnglists
                0x00000bfb      0x31a ./Drivers/STM32F4xx_HAL_Driver/Src/stm32f4xx_hal_tim.o
 .debug_rnglists
                0x00000f15      0x125 ./Drivers/STM32F4xx_HAL_Driver/Src/stm32f4xx_hal_tim_ex.o

.debug_macro    0x00000000    0x27b24
 .debug_macro   0x00000000      0x379 ./Core/Src/ApplicationCode.o
 .debug_macro   0x00000379      0xad8 ./Core/Src/ApplicationCode.o
 .debug_macro   0x00000e51      0x2ad ./Core/Src/ApplicationCode.o
 .debug_macro   0x000010fe       0x2e ./Core/Src/ApplicationCode.o
 .debug_macro   0x0000112c       0x28 ./Core/Src/ApplicationCode.o
 .debug_macro   0x00001154       0x22 ./Core/Src/ApplicationCode.o
 .debug_macro   0x00001176       0x8e ./Core/Src/ApplicationCode.o
 .debug_macro   0x00001204       0x51 ./Core/Src/ApplicationCode.o
 .debug_macro   0x00001255      0x103 ./Core/Src/ApplicationCode.o
 .debug_macro   0x00001358       0x6a ./Core/Src/ApplicationCode.o
 .debug_macro   0x000013c2      0x1df ./Core/Src/ApplicationCode.o
 .debug_macro   0x000015a1       0x1c ./Core/Src/ApplicationCode.o
 .debug_macro   0x000015bd       0x22 ./Core/Src/ApplicationCode.o
 .debug_macro   0x000015df       0xfb ./Core/Src/ApplicationCode.o
 .debug_macro   0x000016da     0x1011 ./Core/Src/ApplicationCode.o
 .debug_macro   0x000026eb      0x11f ./Core/Src/ApplicationCode.o
 .debug_macro   0x0000280a    0x17fd8 ./Core/Src/ApplicationCode.o
 .debug_macro   0x0001a7e2       0x6d ./Core/Src/ApplicationCode.o
 .debug_macro   0x0001a84f     0x3711 ./Core/Src/ApplicationCode.o
 .debug_macro   0x0001df60      0x190 ./Core/Src/ApplicationCode.o
 .debug_macro   0x0001e0f0       0x5c ./Core/Src/ApplicationCode.o
 .debug_macro   0x0001e14c      0xcba ./Core/Src/ApplicationCode.o
 .debug_macro   0x0001ee06      0x9e9 ./Core/Src/ApplicationCode.o
 .debug_macro   0x0001f7ef      0x115 ./Core/Src/ApplicationCode.o
 .debug_macro   0x0001f904      0x156 ./Core/Src/ApplicationCode.o
 .debug_macro   0x0001fa5a       0xa5 ./Core/Src/ApplicationCode.o
 .debug_macro   0x0001faff      0x182 ./Core/Src/ApplicationCode.o
 .debug_macro   0x0001fc81      0x287 ./Core/Src/ApplicationCode.o
 .debug_macro   0x0001ff08       0x5f ./Core/Src/ApplicationCode.o
 .debug_macro   0x0001ff67      0x236 ./Core/Src/ApplicationCode.o
 .debug_macro   0x0002019d      0x132 ./Core/Src/ApplicationCode.o
 .debug_macro   0x000202cf      0x41d ./Core/Src/ApplicationCode.o
 .debug_macro   0x000206ec       0x2e ./Core/Src/ApplicationCode.o
 .debug_macro   0x0002071a      0x1b5 ./Core/Src/ApplicationCode.o
 .debug_macro   0x000208cf       0x22 ./Core/Src/ApplicationCode.o
 .debug_macro   0x000208f1       0xd6 ./Core/Src/ApplicationCode.o
 .debug_macro   0x000209c7      0x198 ./Core/Src/ApplicationCode.o
 .debug_macro   0x00020b5f       0xd6 ./Core/Src/ApplicationCode.o
 .debug_macro   0x00020c35      0x127 ./Core/Src/ApplicationCode.o
 .debug_macro   0x00020d5c       0xe2 ./Core/Src/ApplicationCode.o
 .debug_macro   0x00020e3e       0x89 ./Core/Src/ApplicationCode.o
 .debug_macro   0x00020ec7       0xa4 ./Core/Src/ApplicationCode.o
 .debug_macro   0x00020f6b      0x225 ./Core/Src/ApplicationCode.o
 .debug_macro   0x00021190      0x8ed ./Core/Src/ApplicationCode.o
 .debug_macro   0x00021a7d       0x4d ./Core/Src/ApplicationCode.o
 .debug_macro   0x00021aca      0x134 ./Core/Src/ApplicationCode.o
 .debug_macro   0x00021bfe      0x332 ./Core/Src/ApplicationCode.o
 .debug_macro   0x00021f30       0x22 ./Core/Src/ApplicationCode.o
 .debug_macro   0x00021f52      0x173 ./Core/Src/ApplicationCode.o
 .debug_macro   0x000220c5       0x88 ./Core/Src/ApplicationCode.o
 .debug_macro   0x0002214d       0x28 ./Core/Src/ApplicationCode.o
 .debug_macro   0x00022175       0x1c ./Core/Src/ApplicationCode.o
 .debug_macro   0x00022191       0x1c ./Core/Src/ApplicationCode.o
 .debug_macro   0x000221ad       0x61 ./Core/Src/ApplicationCode.o
 .debug_macro   0x0002220e       0x2a ./Core/Src/ApplicationCode.o
 .debug_macro   0x00022238       0x43 ./Core/Src/ApplicationCode.o
 .debug_macro   0x0002227b       0x34 ./Core/Src/ApplicationCode.o
 .debug_macro   0x000222af       0x16 ./Core/Src/ApplicationCode.o
 .debug_macro   0x000222c5       0x3c ./Core/Src/ApplicationCode.o
 .debug_macro   0x00022301      0x370 ./Core/Src/ApplicationCode.o
 .debug_macro   0x00022671       0x10 ./Core/Src/ApplicationCode.o
 .debug_macro   0x00022681       0x16 ./Core/Src/ApplicationCode.o
 .debug_macro   0x00022697       0x4a ./Core/Src/ApplicationCode.o
 .debug_macro   0x000226e1       0x34 ./Core/Src/ApplicationCode.o
 .debug_macro   0x00022715       0x10 ./Core/Src/ApplicationCode.o
 .debug_macro   0x00022725       0x58 ./Core/Src/ApplicationCode.o
 .debug_macro   0x0002277d       0x8e ./Core/Src/ApplicationCode.o
 .debug_macro   0x0002280b       0x1c ./Core/Src/ApplicationCode.o
 .debug_macro   0x00022827      0x185 ./Core/Src/ApplicationCode.o
 .debug_macro   0x000229ac       0x16 ./Core/Src/ApplicationCode.o
 .debug_macro   0x000229c2       0x16 ./Core/Src/ApplicationCode.o
 .debug_macro   0x000229d8      0x146 ./Core/Src/ApplicationCode.o
 .debug_macro   0x00022b1e      0x12a ./Core/Src/ApplicationCode.o
 .debug_macro   0x00022c48      0x223 ./Core/Src/Button_Driver.o
 .debug_macro   0x00022e6b       0x16 ./Core/Src/Button_Driver.o
 .debug_macro   0x00022e81      0x367 ./Core/Src/Gyro.o
 .debug_macro   0x000231e8      0x179 ./Core/Src/Gyro.o
 .debug_macro   0x00023361      0x21a ./Core/Src/InterruptControl.o
 .debug_macro   0x0002357b       0x22 ./Core/Src/InterruptControl.o
 .debug_macro   0x0002359d      0x245 ./Core/Src/LCD_Driver.o
 .debug_macro   0x000237e2       0x6c ./Core/Src/Scheduler.o
 .debug_macro   0x0002384e       0x6d ./Core/Src/fonts.o
 .debug_macro   0x000238bb      0x21a ./Core/Src/ili9341.o
 .debug_macro   0x00023ad5      0x32c ./Core/Src/ili9341.o
 .debug_macro   0x00023e01      0x388 ./Core/Src/main.o
 .debug_macro   0x00024189      0x4c9 ./Core/Src/main.o
 .debug_macro   0x00024652      0x388 ./Core/Src/stm32f4xx_hal_msp.o
 .debug_macro   0x000249da      0x38c ./Core/Src/stm32f4xx_it.o
 .debug_macro   0x00024d66      0x235 ./Core/Src/stmpe811.o
 .debug_macro   0x00024f9b      0x274 ./Core/Src/syscalls.o
 .debug_macro   0x0002520f       0x5b ./Core/Src/syscalls.o
 .debug_macro   0x0002526a       0x94 ./Core/Src/syscalls.o
 .debug_macro   0x000252fe       0x57 ./Core/Src/syscalls.o
 .debug_macro   0x00025355       0x10 ./Core/Src/syscalls.o
 .debug_macro   0x00025365       0x10 ./Core/Src/syscalls.o
 .debug_macro   0x00025375       0x10 ./Core/Src/syscalls.o
 .debug_macro   0x00025385       0x10 ./Core/Src/syscalls.o
 .debug_macro   0x00025395       0x1c ./Core/Src/syscalls.o
 .debug_macro   0x000253b1       0x52 ./Core/Src/syscalls.o
 .debug_macro   0x00025403       0x22 ./Core/Src/syscalls.o
 .debug_macro   0x00025425       0x10 ./Core/Src/syscalls.o
 .debug_macro   0x00025435       0x52 ./Core/Src/syscalls.o
 .debug_macro   0x00025487       0xcf ./Core/Src/syscalls.o
 .debug_macro   0x00025556       0x1c ./Core/Src/syscalls.o
 .debug_macro   0x00025572       0x3d ./Core/Src/syscalls.o
 .debug_macro   0x000255af       0x35 ./Core/Src/syscalls.o
 .debug_macro   0x000255e4      0x12c ./Core/Src/syscalls.o
 .debug_macro   0x00025710       0x16 ./Core/Src/syscalls.o
 .debug_macro   0x00025726       0x16 ./Core/Src/syscalls.o
 .debug_macro   0x0002573c       0x29 ./Core/Src/syscalls.o
 .debug_macro   0x00025765       0x10 ./Core/Src/syscalls.o
 .debug_macro   0x00025775      0x242 ./Core/Src/syscalls.o
 .debug_macro   0x000259b7       0x1c ./Core/Src/syscalls.o
 .debug_macro   0x000259d3       0x10 ./Core/Src/syscalls.o
 .debug_macro   0x000259e3      0x18a ./Core/Src/syscalls.o
 .debug_macro   0x00025b6d       0x16 ./Core/Src/syscalls.o
 .debug_macro   0x00025b83       0xce ./Core/Src/syscalls.o
 .debug_macro   0x00025c51      0x112 ./Core/Src/sysmem.o
 .debug_macro   0x00025d63      0x23c ./Core/Src/sysmem.o
 .debug_macro   0x00025f9f      0x20b ./Core/Src/system_stm32f4xx.o
 .debug_macro   0x000261aa      0x26b ./Drivers/STM32F4xx_HAL_Driver/Src/stm32f4xx_hal.o
 .debug_macro   0x00026415      0x20b ./Drivers/STM32F4xx_HAL_Driver/Src/stm32f4xx_hal_cortex.o
 .debug_macro   0x00026620      0x211 ./Drivers/STM32F4xx_HAL_Driver/Src/stm32f4xx_hal_gpio.o
 .debug_macro   0x00026831      0x259 ./Drivers/STM32F4xx_HAL_Driver/Src/stm32f4xx_hal_i2c.o
 .debug_macro   0x00026a8a      0x20b ./Drivers/STM32F4xx_HAL_Driver/Src/stm32f4xx_hal_i2c_ex.o
 .debug_macro   0x00026c95      0x213 ./Drivers/STM32F4xx_HAL_Driver/Src/stm32f4xx_hal_ltdc.o
 .debug_macro   0x00026ea8      0x22f ./Drivers/STM32F4xx_HAL_Driver/Src/stm32f4xx_hal_rcc.o
 .debug_macro   0x000270d7      0x20b ./Drivers/STM32F4xx_HAL_Driver/Src/stm32f4xx_hal_rcc_ex.o
 .debug_macro   0x000272e2      0x211 ./Drivers/STM32F4xx_HAL_Driver/Src/stm32f4xx_hal_rng.o
 .debug_macro   0x000274f3      0x21a ./Drivers/STM32F4xx_HAL_Driver/Src/stm32f4xx_hal_spi.o
 .debug_macro   0x0002770d      0x20c ./Drivers/STM32F4xx_HAL_Driver/Src/stm32f4xx_hal_tim.o
 .debug_macro   0x00027919      0x20b ./Drivers/STM32F4xx_HAL_Driver/Src/stm32f4xx_hal_tim_ex.o

.debug_line     0x00000000    0x1a6c4
 .debug_line    0x00000000     0x13bf ./Core/Src/ApplicationCode.o
 .debug_line    0x000013bf      0x84e ./Core/Src/Button_Driver.o
 .debug_line    0x00001c0d      0xb41 ./Core/Src/Gyro.o
 .debug_line    0x0000274e      0x85f ./Core/Src/InterruptControl.o
 .debug_line    0x00002fad      0xbfb ./Core/Src/LCD_Driver.o
 .debug_line    0x00003ba8      0x458 ./Core/Src/Scheduler.o
 .debug_line    0x00004000      0x40a ./Core/Src/fonts.o
 .debug_line    0x0000440a      0xa06 ./Core/Src/ili9341.o
 .debug_line    0x00004e10      0xd28 ./Core/Src/main.o
 .debug_line    0x00005b38      0xbd1 ./Core/Src/stm32f4xx_hal_msp.o
 .debug_line    0x00006709      0xa85 ./Core/Src/stm32f4xx_it.o
 .debug_line    0x0000718e      0xc2b ./Core/Src/stmpe811.o
 .debug_line    0x00007db9      0x8ac ./Core/Src/syscalls.o
 .debug_line    0x00008665      0x588 ./Core/Src/sysmem.o
 .debug_line    0x00008bed      0x845 ./Core/Src/system_stm32f4xx.o
 .debug_line    0x00009432       0x7a ./Core/Startup/startup_stm32f429zitx.o
 .debug_line    0x000094ac      0xae8 ./Drivers/STM32F4xx_HAL_Driver/Src/stm32f4xx_hal.o
 .debug_line    0x00009f94      0xd82 ./Drivers/STM32F4xx_HAL_Driver/Src/stm32f4xx_hal_cortex.o
 .debug_line    0x0000ad16      0xc32 ./Drivers/STM32F4xx_HAL_Driver/Src/stm32f4xx_hal_gpio.o
 .debug_line    0x0000b948     0x3b64 ./Drivers/STM32F4xx_HAL_Driver/Src/stm32f4xx_hal_i2c.o
 .debug_line    0x0000f4ac      0x83b ./Drivers/STM32F4xx_HAL_Driver/Src/stm32f4xx_hal_i2c_ex.o
 .debug_line    0x0000fce7     0x1462 ./Drivers/STM32F4xx_HAL_Driver/Src/stm32f4xx_hal_ltdc.o
 .debug_line    0x00011149      0xec1 ./Drivers/STM32F4xx_HAL_Driver/Src/stm32f4xx_hal_rcc.o
 .debug_line    0x0001200a      0xd0a ./Drivers/STM32F4xx_HAL_Driver/Src/stm32f4xx_hal_rcc_ex.o
 .debug_line    0x00012d14      0xa28 ./Drivers/STM32F4xx_HAL_Driver/Src/stm32f4xx_hal_rng.o
 .debug_line    0x0001373c     0x1d47 ./Drivers/STM32F4xx_HAL_Driver/Src/stm32f4xx_hal_spi.o
 .debug_line    0x00015483     0x382f ./Drivers/STM32F4xx_HAL_Driver/Src/stm32f4xx_hal_tim.o
 .debug_line    0x00018cb2     0x1a12 ./Drivers/STM32F4xx_HAL_Driver/Src/stm32f4xx_hal_tim_ex.o

.debug_str      0x00000000    0xe3329
 .debug_str     0x00000000    0xe3329 ./Core/Src/ApplicationCode.o
                              0xdb044 (size before relaxing)
 .debug_str     0x000e3329    0xd6098 ./Core/Src/Button_Driver.o
 .debug_str     0x000e3329    0xdb0db ./Core/Src/Gyro.o
 .debug_str     0x000e3329    0xd59c5 ./Core/Src/InterruptControl.o
 .debug_str     0x000e3329    0xd76da ./Core/Src/LCD_Driver.o
 .debug_str     0x000e3329     0x3e4b ./Core/Src/Scheduler.o
 .debug_str     0x000e3329     0x3e00 ./Core/Src/fonts.o
 .debug_str     0x000e3329    0xd6c54 ./Core/Src/ili9341.o
 .debug_str     0x000e3329    0xdcb1c ./Core/Src/main.o
 .debug_str     0x000e3329    0xdc94a ./Core/Src/stm32f4xx_hal_msp.o
 .debug_str     0x000e3329    0xdb9db ./Core/Src/stm32f4xx_it.o
 .debug_str     0x000e3329    0xd68ee ./Core/Src/stmpe811.o
 .debug_str     0x000e3329     0x99e3 ./Core/Src/syscalls.o
 .debug_str     0x000e3329     0x7781 ./Core/Src/sysmem.o
 .debug_str     0x000e3329    0xd5a46 ./Core/Src/system_stm32f4xx.o
 .debug_str     0x000e3329       0x83 ./Core/Startup/startup_stm32f429zitx.o
 .debug_str     0x000e3329    0xd6669 ./Drivers/STM32F4xx_HAL_Driver/Src/stm32f4xx_hal.o
 .debug_str     0x000e3329    0xd6397 ./Drivers/STM32F4xx_HAL_Driver/Src/stm32f4xx_hal_cortex.o
 .debug_str     0x000e3329    0xd5bc1 ./Drivers/STM32F4xx_HAL_Driver/Src/stm32f4xx_hal_gpio.o
 .debug_str     0x000e3329    0xd6a56 ./Drivers/STM32F4xx_HAL_Driver/Src/stm32f4xx_hal_i2c.o
 .debug_str     0x000e3329    0xd5e15 ./Drivers/STM32F4xx_HAL_Driver/Src/stm32f4xx_hal_i2c_ex.o
 .debug_str     0x000e3329    0xd60aa ./Drivers/STM32F4xx_HAL_Driver/Src/stm32f4xx_hal_ltdc.o
 .debug_str     0x000e3329    0xd5e7a ./Drivers/STM32F4xx_HAL_Driver/Src/stm32f4xx_hal_rcc.o
 .debug_str     0x000e3329    0xd5c41 ./Drivers/STM32F4xx_HAL_Driver/Src/stm32f4xx_hal_rcc_ex.o
 .debug_str     0x000e3329    0xd5b33 ./Drivers/STM32F4xx_HAL_Driver/Src/stm32f4xx_hal_rng.o
 .debug_str     0x000e3329    0xd62f1 ./Drivers/STM32F4xx_HAL_Driver/Src/stm32f4xx_hal_spi.o
 .debug_str     0x000e3329    0xd6dbd ./Drivers/STM32F4xx_HAL_Driver/Src/stm32f4xx_hal_tim.o
 .debug_str     0x000e3329    0xd65c9 ./Drivers/STM32F4xx_HAL_Driver/Src/stm32f4xx_hal_tim_ex.o

.comment        0x00000000       0x43
 .comment       0x00000000       0x43 ./Core/Src/ApplicationCode.o
                                 0x44 (size before relaxing)
 .comment       0x00000043       0x44 ./Core/Src/Button_Driver.o
 .comment       0x00000043       0x44 ./Core/Src/Gyro.o
 .comment       0x00000043       0x44 ./Core/Src/InterruptControl.o