../Core/Src/ApplicationCode.c:42:6:ApplicationInit	8	static
../Core/Src/ApplicationCode.c:61:6:LCD_Visual_Demo	8	static
../Core/Src/ApplicationCode.c:67:6:LCD_Touch_Polling_Demo	8	static
../Core/Src/ApplicationCode.c:84:6:Draw_MainMenu	8	static
../Core/Src/ApplicationCode.c:122:6:GameScreen	16	static
../Core/Src/ApplicationCode.c:135:6:GamePlay_1P	8	static
../Core/Src/ApplicationCode.c:178:6:GamePlay_2P	8	static
../Core/Src/ApplicationCode.c:211:6:DropCoin	8	static
../Core/Src/ApplicationCode.c:259:6:DrawCoin	8	static
../Core/Src/ApplicationCode.c:265:6:MoveCoin	8	static
../Core/Src/ApplicationCode.c:294:6:MoveCoin_Gyro	16	static
../Core/Src/ApplicationCode.c:323:6:Connect4	24	static
../Core/Src/ApplicationCode.c:402:6:IsTie	4	static
../Core/Src/ApplicationCode.c:417:6:Computer_Turn	128	static
../Core/Src/ApplicationCode.c:521:6:Computer_Drop	8	static
../Core/Src/ApplicationCode.c:555:6:DisplayFinalScreen	112	static
../Core/Src/ApplicationCode.c:621:6:Reset_Game	24	static
../Core/Src/ApplicationCode.c:646:6:applicationInitGyro	16	static
