../Core/Src/Gyro.c:13:6:Gyro_Init	80	static
../Core/Src/Gyro.c:50:6:Gyro_GetID	16	static
../Core/Src/Gyro.c:55:6:Gyro_Power	16	static
../Core/Src/Gyro.c:61:6:Gyro_GetTemp	16	static
../Core/Src/Gyro.c:66:6:Gyro_Configure	8	static
../Core/Src/Gyro.c:73:9:Gyro_Read	32	static
../Core/Src/Gyro.c:85:6:Gyro_Write	24	static
../Core/Src/Gyro.c:95:6:Gyro_SPI_Check	4	static
../Core/Src/Gyro.c:101:6:Gyro_Enable_Slave	8	static
../Core/Src/Gyro.c:105:6:Gyro_Disable_Slave	8	static
../Core/Src/Gyro.c:109:9:Gyro_Get_Velocity	16	static
../Core/Src/Gyro.c:117:6:Gyro_Sample	16	static
